Nov 16 2020 00:35:33 dbhost1 ntpd[9607]: frequency file /etc/ntp/drift.TEMP: Permission denied
Nov 16 2020 00:35:33 dbhost1 ntpd[9607]: frequency file /etc/ntp/drift.TEMP: Permission denied
Nov 16 2020 00:35:33 dbhost1 ntpd[9607]: frequency file /etc/ntp/drift.TEMP: Permission denied
Nov 16 2020 00:35:33 dbhost1 ntpd[9607]: frequency file /etc/ntp/drift.TEMP: Permission denied
Nov 16 2020 01:35:33 dbhost1 ntpd[9607]: frequency file /etc/ntp/drift.TEMP: Permission denied
Nov 16 2020 01:35:33 dbhost1 ntpd[9607]: frequency file /etc/ntp/drift.TEMP: Permission denied
Nov 16 2020 01:35:33 dbhost1 ntpd[9607]: frequency file /etc/ntp/drift.TEMP: Permission denied
Nov 16 2020 02:35:33 dbhost1 ntpd[9607]: frequency file /etc/ntp/drift.TEMP: Permission denied
Nov 16 2020 02:35:33 dbhost1 ntpd[9607]: frequency file /etc/ntp/drift.TEMP: Permission denied
Nov 16 2020 02:35:33 dbhost1 ntpd[9607]: frequency file /etc/ntp/drift.TEMP: Permission denied
Nov 16 2020 02:35:33 dbhost1 ntpd[9607]: frequency file /etc/ntp/drift.TEMP: Permission denied
Nov 16 2020 02:41:41 dbhost1 ntpd[9559]: frequency file /etc/ntp/drift.TEMP: Permission denied
Nov 16 2020 03:35:33 dbhost1 ntpd[9607]: frequency file /etc/ntp/drift.TEMP: Permission denied
Nov 16 2020 03:35:33 dbhost1 ntpd[9607]: frequency file /etc/ntp/drift.TEMP: Permission denied
Nov 16 2020 03:35:33 dbhost1 ntpd[9607]: frequency file /etc/ntp/drift.TEMP: Permission denied
Nov 16 2020 03:41:41 dbhost1 ntpd[9559]: frequency file /etc/ntp/drift.TEMP: Permission denied
Nov 16 2020 04:35:33 dbhost1 ntpd[9607]: frequency file /etc/ntp/drift.TEMP: Permission denied
Nov 16 2020 04:35:33 dbhost1 ntpd[9607]: frequency file /etc/ntp/drift.TEMP: Permission denied
Nov 16 2020 04:35:33 dbhost1 ntpd[9607]: frequency file /etc/ntp/drift.TEMP: Permission denied
Nov 16 2020 04:41:41 dbhost1 ntpd[9559]: frequency file /etc/ntp/drift.TEMP: Permission denied
Nov 16 2020 05:35:33 dbhost1 ntpd[9607]: frequency file /etc/ntp/drift.TEMP: Permission denied
Nov 16 2020 05:35:33 dbhost1 ntpd[9607]: frequency file /etc/ntp/drift.TEMP: Permission denied
Nov 16 2020 05:41:41 dbhost1 ntpd[9559]: frequency file /etc/ntp/drift.TEMP: Permission denied
Nov 16 2020 06:35:33 dbhost1 ntpd[9607]: frequency file /etc/ntp/drift.TEMP: Permission denied
Nov 16 2020 06:35:33 dbhost1 ntpd[9607]: frequency file /etc/ntp/drift.TEMP: Permission denied
Nov 16 2020 06:35:33 dbhost1 ntpd[9607]: frequency file /etc/ntp/drift.TEMP: Permission denied
Nov 16 2020 06:41:41 dbhost1 ntpd[9559]: frequency file /etc/ntp/drift.TEMP: Permission denied
Nov 16 2020 07:35:33 dbhost1 ntpd[9607]: frequency file /etc/ntp/drift.TEMP: Permission denied
Nov 16 2020 07:35:33 dbhost1 ntpd[9607]: frequency file /etc/ntp/drift.TEMP: Permission denied
Nov 16 2020 07:41:41 dbhost1 ntpd[9559]: frequency file /etc/ntp/drift.TEMP: Permission denied
Nov 16 2020 08:35:33 dbhost1 ntpd[9607]: frequency file /etc/ntp/drift.TEMP: Permission denied
Nov 16 2020 08:35:33 dbhost1 ntpd[9607]: frequency file /etc/ntp/drift.TEMP: Permission denied
Nov 16 2020 08:41:41 dbhost1 ntpd[9559]: frequency file /etc/ntp/drift.TEMP: Permission denied
Nov 16 2020 09:35:33 dbhost1 ntpd[9607]: frequency file /etc/ntp/drift.TEMP: Permission denied
Nov 16 2020 09:35:33 dbhost1 ntpd[9607]: frequency file /etc/ntp/drift.TEMP: Permission denied
Nov 16 2020 09:35:33 dbhost1 ntpd[9607]: frequency file /etc/ntp/drift.TEMP: Permission denied
Nov 16 2020 09:41:41 dbhost1 ntpd[9559]: frequency file /etc/ntp/drift.TEMP: Permission denied
Nov 16 2020 10:35:33 dbhost1 ntpd[9607]: frequency file /etc/ntp/drift.TEMP: Permission denied
Nov 16 2020 10:35:33 dbhost1 ntpd[9607]: frequency file /etc/ntp/drift.TEMP: Permission denied
Nov 16 2020 10:41:41 dbhost1 ntpd[9559]: frequency file /etc/ntp/drift.TEMP: Permission denied
Nov 16 2020 11:35:33 dbhost1 ntpd[9607]: frequency file /etc/ntp/drift.TEMP: Permission denied
Nov 16 2020 11:35:33 dbhost1 ntpd[9607]: frequency file /etc/ntp/drift.TEMP: Permission denied
Nov 16 2020 11:41:41 dbhost1 ntpd[9559]: frequency file /etc/ntp/drift.TEMP: Permission denied
Nov 16 2020 12:30:28 dbhost1 kernel: sdb: sdb1
Nov 16 2020 12:30:49 dbhost1 kernel: sdc: sdc1
Nov 16 2020 12:35:33 dbhost1 ntpd[9607]: frequency file /etc/ntp/drift.TEMP: Permission denied
Nov 16 2020 12:35:33 dbhost1 ntpd[9607]: frequency file /etc/ntp/drift.TEMP: Permission denied
Nov 16 2020 12:35:33 dbhost1 ntpd[9607]: frequency file /etc/ntp/drift.TEMP: Permission denied
Nov 16 2020 12:38:42 dbhost1 kernel: sdd: sdd1
Nov 16 2020 12:40:10 dbhost1 kernel: EXT3-fs (sdb1): mounted filesystem with ordered data mode
Nov 16 2020 12:40:10 dbhost1 kernel: EXT3-fs (sdb1): using internal journal
Nov 16 2020 12:40:10 dbhost1 kernel: kjournald starting.  Commit interval 5 seconds
Nov 16 2020 12:41:30 dbhost1 kernel: EXT3-fs (sdc1): mounted filesystem with ordered data mode
Nov 16 2020 12:41:30 dbhost1 kernel: EXT3-fs (sdc1): using internal journal
Nov 16 2020 12:41:30 dbhost1 kernel: kjournald starting.  Commit interval 5 seconds
Nov 16 2020 12:41:41 dbhost1 ntpd[9559]: frequency file /etc/ntp/drift.TEMP: Permission denied
Nov 16 2020 12:44:13 dbhost1 kernel: fuse init (API version 7.20)
Nov 16 2020 12:44:13 dbhost1 seahorse-daemon[32239]: DNS-SD initialization failed: Daemon not running
Nov 16 2020 12:44:13 dbhost1 seahorse-daemon[32239]: init gpgme version 1.1.8
Nov 16 2020 12:44:14 dbhost1 rtkit-daemon[9881]: Sucessfully made thread 32272 of process 32272 (/usr/bin/pulseaudio) owned by '502' high priority at nice level -11.
Nov 16 2020 12:44:16 dbhost1 pulseaudio[32317]: pid.c: Daemon already running.
Nov 16 2020 12:44:16 dbhost1 rtkit-daemon[9881]: Sucessfully made thread 32317 of process 32317 (/usr/bin/pulseaudio) owned by '502' high priority at nice level -11.
Nov 16 2020 12:50:24 dbhost1 kernel: EXT3-fs (sdc1): mounted filesystem with ordered data mode
Nov 16 2020 12:50:24 dbhost1 kernel: EXT3-fs (sdc1): using internal journal
Nov 16 2020 12:50:24 dbhost1 kernel: kjournald starting.  Commit interval 5 seconds
Nov 16 2020 13:35:33 dbhost1 ntpd[9607]: frequency file /etc/ntp/drift.TEMP: Permission denied
Nov 16 2020 13:35:33 dbhost1 ntpd[9607]: frequency file /etc/ntp/drift.TEMP: Permission denied
Nov 16 2020 14:16:53 dbhost1 seahorse-daemon[1743]: DNS-SD initialization failed: Daemon not running
Nov 16 2020 14:16:53 dbhost1 seahorse-daemon[1743]: init gpgme version 1.1.8
Nov 16 2020 14:17:26 dbhost1 bonobo-activation-server (root-2033): could not associate with desktop session: Failed to connect to socket /tmp/dbus-aFBwfcFv0p: Connection refused
Nov 16 2020 14:17:26 dbhost1 gnome-keyring-daemon[1740]: dbus failure unregistering from session: Connection is closed
Nov 16 2020 14:18:04 dbhost1 seahorse-daemon[2171]: DNS-SD initialization failed: Daemon not running
Nov 16 2020 14:18:04 dbhost1 seahorse-daemon[2171]: init gpgme version 1.1.8
Nov 16 2020 14:18:05 dbhost1 pulseaudio[2232]: pid.c: Daemon already running.
Nov 16 2020 14:18:05 dbhost1 pulseaudio[32272]: module-x11-xsmp.c: module-x11-xsmp may no be loaded twice.
Nov 16 2020 14:18:05 dbhost1 pulseaudio[32272]: module.c: Failed to load  module "module-x11-xsmp" (argument: "display=:2 session_manager=local/unix:@/tmp/.ICE-unix/2152,unix/unix:/tmp/.ICE-unix/2152"): initialization failed.
Nov 16 2020 14:23:53 dbhost1 kernel: nr_pdflush_threads exported in /proc is scheduled for removal
Nov 16 2020 14:23:53 dbhost1 kernel: sysctl: The scan_unevictable_pages sysctl/node-interface has been disabled for lack of a legitimate use case.  If you have one, please send an email to linux-mm@kvack.org.
Nov 16 2020 14:32:22 dbhost1 yum[23608]: Installed: lshw-B.02.17-4.el6.x86_64
Nov 16 2020 14:35:33 dbhost1 ntpd[9607]: frequency file /etc/ntp/drift.TEMP: Permission denied
Nov 16 2020 14:35:33 dbhost1 ntpd[9607]: frequency file /etc/ntp/drift.TEMP: Permission denied
Nov 16 2020 14:41:41 dbhost1 ntpd[9559]: frequency file /etc/ntp/drift.TEMP: Permission denied
Nov 16 2020 14:49:36 dbhost1 NetworkManager[9296]: <warn> connection (1) /org/freedesktop/NetworkManagerSettings/1 failed to activate: (2) Device not managed by NetworkManager or unavailable
Nov 16 2020 14:57:26 dbhost1 kernel: sdb: sdb1
Nov 16 2020 15:02:49 dbhost1 kernel: Adding 18718716k swap on /dev/mapper/vg_smpint12-lv_swap.  Priority:-1 extents:1 across:18718716k 
Nov 16 2020 15:03:48 dbhost1 kernel: EXT3-fs (sdc1): mounted filesystem with ordered data mode
Nov 16 2020 15:03:48 dbhost1 kernel: EXT3-fs (sdc1): using internal journal
Nov 16 2020 15:03:48 dbhost1 kernel: kjournald starting.  Commit interval 5 seconds
Nov 16 2020 15:06:13 dbhost1 bonobo-activation-server (oracle-5137): could not associate with desktop session: Failed to connect to socket /tmp/dbus-uT1pCgEciP: Connection refused
Nov 16 2020 15:06:13 dbhost1 gnome-keyring-daemon[2168]: dbus failure unregistering from session: Connection is closed
Nov 16 2020 15:06:13 dbhost1 pulseaudio[5142]: pid.c: Stale PID file, overwriting.
Nov 16 2020 15:06:13 dbhost1 rtkit-daemon[9881]: Sucessfully made thread 5142 of process 5142 (/usr/bin/pulseaudio) owned by '502' high priority at nice level -11.
Nov 16 2020 15:06:21 dbhost1 seahorse-daemon[5256]: DNS-SD initialization failed: Daemon not running
Nov 16 2020 15:06:22 dbhost1 pulseaudio[5314]: pid.c: Daemon already running.
Nov 16 2020 15:06:22 dbhost1 seahorse-daemon[5256]: init gpgme version 1.1.8
Nov 16 2020 15:09:42 dbhost1 yum[6596]: Installed: compat-libcap1-1.10-1.x86_64
Nov 16 2020 15:12:42 dbhost1 kernel: ip_tables: (C) 2000-2006 Netfilter Core Team
Nov 16 2020 15:16:07 dbhost1 yum[6648]: Installed: compat-libstdc++-33-3.2.3-69.el6.x86_64
Nov 16 2020 15:22:25 dbhost1 yum[6699]: Installed: ksh-20120801-35.el6_9.x86_64
Nov 16 2020 15:23:37 dbhost1 yum[6717]: Installed: libaio-devel-0.3.107-10.el6.x86_64
Nov 16 2020 15:27:01 dbhost1 yum[7545]: Updated: libstdc++-4.4.7-18.el6.x86_64
Nov 16 2020 15:28:24 dbhost1 yum[8362]: Installed: libstdc++-devel-4.4.7-18.el6.x86_64
Nov 16 2020 15:34:36 dbhost1 yum[9224]: Updated: libgomp-4.4.7-18.el6.x86_64
Nov 16 2020 15:35:33 dbhost1 ntpd[9607]: frequency file /etc/ntp/drift.TEMP: Permission denied
Nov 16 2020 15:35:33 dbhost1 ntpd[9607]: frequency file /etc/ntp/drift.TEMP: Permission denied
Nov 16 2020 15:35:33 dbhost1 ntpd[9607]: frequency file /etc/ntp/drift.TEMP: Permission denied
Nov 16 2020 15:37:13 dbhost1 kernel: Kernel logging (proc) stopped.
Nov 16 2020 15:37:13 dbhost1 kernel: imklog 5.8.10, log source = /proc/kmsg started.
Nov 16 2020 15:37:13 dbhost1 kernel: imklog 5.8.10, log source = /proc/kmsg started.
Nov 16 2020 15:37:13 dbhost1 rsyslogd: [origin software="rsyslogd" swVersion="5.8.10" x-pid="24687" x-info="http://www.rsyslog.com"] start
Nov 16 2020 15:37:13 dbhost1 rsyslogd: [origin software="rsyslogd" swVersion="5.8.10" x-pid="24687" x-info="http://www.rsyslog.com"] start
Nov 16 2020 15:37:13 dbhost1 rsyslogd: [origin software="rsyslogd" swVersion="5.8.10" x-pid="9215" x-info="http://www.rsyslog.com"] exiting on signal 15.
Nov 16 2020 15:37:13 dbhost1 rsyslogd: error: invalid compare operation 'startwith' - ignoring selector
Nov 16 2020 15:37:13 dbhost1 rsyslogd: error: invalid compare operation 'startwith' - ignoring selector
Nov 16 2020 15:39:11 dbhost1 sshd[24795]: Accepted password for root from 10.159.129.96 port 59957 ssh2
Nov 16 2020 15:39:11 dbhost1 sshd[24795]: pam_unix(sshd:session): session opened for user root by (uid=0)
Nov 16 2020 15:40:01 dbhost1 CROND[24875]: (root) CMD (/usr/lib64/sa/sa1 1 1)
Nov 16 2020 15:40:31 dbhost1 yum[10212]: Updated: binutils-2.20.51.0.2-5.47.el6_9.1.x86_64
Nov 16 2020 15:43:17 dbhost1 kernel: Kernel logging (proc) stopped.
Nov 16 2020 15:43:17 dbhost1 kernel: Kernel logging (proc) stopped.
Nov 16 2020 15:43:17 dbhost1 kernel: imklog 5.8.10, log source = /proc/kmsg started.
Nov 16 2020 15:43:17 dbhost1 kernel: imklog 5.8.10, log source = /proc/kmsg started.
Nov 16 2020 15:43:17 dbhost1 rsyslogd: [origin software="rsyslogd" swVersion="5.8.10" x-pid="24687" x-info="http://www.rsyslog.com"] exiting on signal 15.
Nov 16 2020 15:43:17 dbhost1 rsyslogd: [origin software="rsyslogd" swVersion="5.8.10" x-pid="24687" x-info="http://www.rsyslog.com"] exiting on signal 15.
Nov 16 2020 15:43:17 dbhost1 rsyslogd: [origin software="rsyslogd" swVersion="5.8.10" x-pid="24942" x-info="http://www.rsyslog.com"] start
Nov 16 2020 15:43:17 dbhost1 rsyslogd: [origin software="rsyslogd" swVersion="5.8.10" x-pid="24942" x-info="http://www.rsyslog.com"] start
Nov 16 2020 15:43:17 dbhost1 rsyslogd: error: invalid compare operation 'startswith_i' - ignoring selector
Nov 16 2020 15:43:17 dbhost1 rsyslogd: error: invalid compare operation 'startswith_i' - ignoring selector
Nov 16 2020 15:44:19 dbhost1 yum[11060]: Updated: libgcc-4.4.7-18.el6.x86_64
Nov 16 2020 15:44:20 dbhost1 yum[11060]: Installed: cloog-ppl-0.15.7-1.2.el6.x86_64
Nov 16 2020 15:44:20 dbhost1 yum[11060]: Installed: mpfr-2.4.1-6.el6.x86_64
Nov 16 2020 15:44:20 dbhost1 yum[11060]: Installed: ppl-0.10.2-11.el6.x86_64
Nov 16 2020 15:44:21 dbhost1 yum[11060]: Installed: cpp-4.4.7-18.el6.x86_64
Nov 16 2020 15:44:22 dbhost1 yum[11060]: Installed: gcc-4.4.7-18.el6.x86_64
Nov 16 2020 15:45:41 dbhost1 kernel: Kernel logging (proc) stopped.
Nov 16 2020 15:45:41 dbhost1 kernel: Kernel logging (proc) stopped.
Nov 16 2020 15:45:41 dbhost1 kernel: imklog 5.8.10, log source = /proc/kmsg started.
Nov 16 2020 15:45:41 dbhost1 kernel: imklog 5.8.10, log source = /proc/kmsg started.
Nov 16 2020 15:45:41 dbhost1 rsyslogd: [origin software="rsyslogd" swVersion="5.8.10" x-pid="24942" x-info="http://www.rsyslog.com"] exiting on signal 15.
Nov 16 2020 15:45:41 dbhost1 rsyslogd: [origin software="rsyslogd" swVersion="5.8.10" x-pid="24942" x-info="http://www.rsyslog.com"] exiting on signal 15.
Nov 16 2020 15:45:41 dbhost1 rsyslogd: [origin software="rsyslogd" swVersion="5.8.10" x-pid="24985" x-info="http://www.rsyslog.com"] start
Nov 16 2020 15:45:41 dbhost1 rsyslogd: [origin software="rsyslogd" swVersion="5.8.10" x-pid="24985" x-info="http://www.rsyslog.com"] start
Nov 16 2020 15:45:41 dbhost1 rsyslogd: error: invalid compare operation 'contains_i' - ignoring selector
Nov 16 2020 15:45:41 dbhost1 rsyslogd: error: invalid compare operation 'contains_i' - ignoring selector
Nov 16 2020 15:45:56 dbhost1 yum[11887]: Installed: gcc-c++-4.4.7-18.el6.x86_64
Nov 16 2020 15:47:12 dbhost1 kernel: EXT3-fs (sdd1): mounted filesystem with ordered data mode
Nov 16 2020 15:47:12 dbhost1 kernel: EXT3-fs (sdd1): using internal journal
Nov 16 2020 15:47:12 dbhost1 kernel: kjournald starting.  Commit interval 5 seconds
Nov 16 2020 15:48:02 dbhost1 kernel: Kernel logging (proc) stopped.
Nov 16 2020 15:48:02 dbhost1 kernel: Kernel logging (proc) stopped.
Nov 16 2020 15:48:02 dbhost1 kernel: imklog 5.8.10, log source = /proc/kmsg started.
Nov 16 2020 15:48:02 dbhost1 rsyslogd: [origin software="rsyslogd" swVersion="5.8.10" x-pid="24985" x-info="http://www.rsyslog.com"] exiting on signal 15.
Nov 16 2020 15:48:02 dbhost1 rsyslogd: [origin software="rsyslogd" swVersion="5.8.10" x-pid="24985" x-info="http://www.rsyslog.com"] exiting on signal 15.
Nov 16 2020 15:48:02 dbhost1 rsyslogd: [origin software="rsyslogd" swVersion="5.8.10" x-pid="25020" x-info="http://www.rsyslog.com"] start
Nov 16 2020 15:49:29 dbhost1 kernel: Kernel logging (proc) stopped.
Nov 16 2020 15:49:29 dbhost1 kernel: imklog 5.8.10, log source = /proc/kmsg started.
Nov 16 2020 15:49:29 dbhost1 kernel: imklog 5.8.10, log source = /proc/kmsg started.
Nov 16 2020 15:49:29 dbhost1 rsyslogd: [origin software="rsyslogd" swVersion="5.8.10" x-pid="25020" x-info="http://www.rsyslog.com"] exiting on signal 15.
Nov 16 2020 15:49:29 dbhost1 rsyslogd: [origin software="rsyslogd" swVersion="5.8.10" x-pid="25067" x-info="http://www.rsyslog.com"] start
Nov 16 2020 15:49:29 dbhost1 rsyslogd: [origin software="rsyslogd" swVersion="5.8.10" x-pid="25067" x-info="http://www.rsyslog.com"] start
Nov 16 2020 15:49:29 dbhost1 rsyslogd: error: invalid compare operation 'contains_i' - ignoring selector
Nov 16 2020 15:49:29 dbhost1 rsyslogd: error: invalid compare operation 'contains_i' - ignoring selector
Nov 16 2020 15:50:01 dbhost1 CROND[25079]: (root) CMD (/usr/lib64/sa/sa1 1 1)
Nov 16 2020 15:50:08 dbhost1 kernel: Kernel logging (proc) stopped.
Nov 16 2020 15:50:08 dbhost1 kernel: Kernel logging (proc) stopped.
Nov 16 2020 15:50:08 dbhost1 kernel: imklog 5.8.10, log source = /proc/kmsg started.
Nov 16 2020 15:50:08 dbhost1 rsyslogd: [origin software="rsyslogd" swVersion="5.8.10" x-pid="25067" x-info="http://www.rsyslog.com"] exiting on signal 15.
Nov 16 2020 15:50:08 dbhost1 rsyslogd: [origin software="rsyslogd" swVersion="5.8.10" x-pid="25067" x-info="http://www.rsyslog.com"] exiting on signal 15.
Nov 16 2020 15:50:08 dbhost1 rsyslogd: [origin software="rsyslogd" swVersion="5.8.10" x-pid="25097" x-info="http://www.rsyslog.com"] start
Nov 16 2020 15:50:56 dbhost1 kernel: ip_tables: (C) 2000-2006 Netfilter Core Team
Nov 16 2020 15:57:29 dbhost1 kernel: Kernel logging (proc) stopped.
Nov 16 2020 15:57:29 dbhost1 kernel: imklog 5.8.10, log source = /proc/kmsg started.
Nov 16 2020 15:57:29 dbhost1 rsyslogd: [origin software="rsyslogd" swVersion="5.8.10" x-pid="25097" x-info="http://www.rsyslog.com"] exiting on signal 15.
Nov 16 2020 15:57:29 dbhost1 rsyslogd: [origin software="rsyslogd" swVersion="5.8.10" x-pid="25232" x-info="http://www.rsyslog.com"] start
Nov 16 2020 16:04:53 dbhost1 kernel: IPTABLES: IN=eth0 OUT= MAC=00:14:4f:8d:54:7e:00:d0:02:49:80:00:08:00 SRC=10.159.129.96 DST=10.208.188.15 LEN=40 TOS=0x00 PREC=0x00 TTL=123 ID=2583 DF PROTO=TCP SPT=58388 DPT=22 WINDOW=67 RES=0x00 ACK URGP=0 
Nov 16 2020 16:04:53 dbhost1 kernel: IPTABLES: IN=eth0 OUT= MAC=00:14:4f:8d:54:7e:00:d0:02:49:80:00:08:00 SRC=10.159.129.96 DST=10.208.188.15 LEN=40 TOS=0x00 PREC=0x00 TTL=123 ID=2583 DF PROTO=TCP SPT=58388 DPT=22 WINDOW=67 RES=0x00 ACK URGP=0 
Nov 16 2020 16:04:53 dbhost1 kernel: ip_tables: (C) 2000-2006 Netfilter Core Team
Nov 16 2020 16:04:59 dbhost1 kernel: IPTABLES: IN=eth0 OUT= MAC=00:14:4f:8d:54:7e:00:d0:02:49:80:00:08:00 SRC=10.159.129.96 DST=10.208.188.15 LEN=104 TOS=0x00 PREC=0x00 TTL=123 ID=2616 DF PROTO=TCP SPT=58388 DPT=22 WINDOW=67 RES=0x00 ACK PSH URGP=0 
Nov 16 2020 16:04:59 dbhost1 kernel: IPTABLES: IN=eth0 OUT= MAC=00:14:4f:8d:54:7e:00:d0:02:49:80:00:08:00 SRC=10.159.129.96 DST=10.208.188.15 LEN=104 TOS=0x00 PREC=0x00 TTL=123 ID=2616 DF PROTO=TCP SPT=58388 DPT=22 WINDOW=67 RES=0x00 ACK PSH URGP=0 
Nov 16 2020 16:04:59 dbhost1 kernel: IPTABLES: IN=eth0 OUT= MAC=00:14:4f:8d:54:7e:00:d0:02:49:80:00:08:00 SRC=10.159.129.96 DST=10.208.188.15 LEN=40 TOS=0x00 PREC=0x00 TTL=123 ID=2617 DF PROTO=TCP SPT=58388 DPT=22 WINDOW=67 RES=0x00 ACK URGP=0 
Nov 16 2020 16:04:59 dbhost1 kernel: IPTABLES: IN=eth0 OUT= MAC=00:14:4f:8d:54:7e:00:d0:02:49:80:00:08:00 SRC=10.159.129.96 DST=10.208.188.15 LEN=40 TOS=0x00 PREC=0x00 TTL=123 ID=2617 DF PROTO=TCP SPT=58388 DPT=22 WINDOW=67 RES=0x00 ACK URGP=0 
Nov 16 2020 16:05:00 dbhost1 kernel: IPTABLES: IN=eth0 OUT= MAC=00:14:4f:8d:54:7e:00:d0:02:49:80:00:08:00 SRC=10.159.129.96 DST=10.208.188.15 LEN=104 TOS=0x00 PREC=0x00 TTL=123 ID=2618 DF PROTO=TCP SPT=58388 DPT=22 WINDOW=67 RES=0x00 ACK PSH URGP=0 
Nov 16 2020 16:05:00 dbhost1 kernel: IPTABLES: IN=eth0 OUT= MAC=00:14:4f:8d:54:7e:00:d0:02:49:80:00:08:00 SRC=10.159.129.96 DST=10.208.188.15 LEN=104 TOS=0x00 PREC=0x00 TTL=123 ID=2618 DF PROTO=TCP SPT=58388 DPT=22 WINDOW=67 RES=0x00 ACK PSH URGP=0 
Nov 16 2020 16:05:00 dbhost1 kernel: IPTABLES: IN=eth0 OUT= MAC=00:14:4f:8d:54:7e:00:d0:02:49:80:00:08:00 SRC=10.159.129.96 DST=10.208.188.15 LEN=104 TOS=0x00 PREC=0x00 TTL=123 ID=2620 DF PROTO=TCP SPT=58388 DPT=22 WINDOW=66 RES=0x00 ACK PSH URGP=0 
Nov 16 2020 16:05:00 dbhost1 kernel: IPTABLES: IN=eth0 OUT= MAC=00:14:4f:8d:54:7e:00:d0:02:49:80:00:08:00 SRC=10.159.129.96 DST=10.208.188.15 LEN=104 TOS=0x00 PREC=0x00 TTL=123 ID=2620 DF PROTO=TCP SPT=58388 DPT=22 WINDOW=66 RES=0x00 ACK PSH URGP=0 
Nov 16 2020 16:05:00 dbhost1 kernel: IPTABLES: IN=eth0 OUT= MAC=00:14:4f:8d:54:7e:00:d0:02:49:80:00:08:00 SRC=10.159.129.96 DST=10.208.188.15 LEN=40 TOS=0x00 PREC=0x00 TTL=123 ID=2619 DF PROTO=TCP SPT=58388 DPT=22 WINDOW=66 RES=0x00 ACK URGP=0 
Nov 16 2020 16:05:00 dbhost1 kernel: IPTABLES: IN=eth0 OUT= MAC=00:14:4f:8d:54:7e:00:d0:02:49:80:00:08:00 SRC=10.159.129.96 DST=10.208.188.15 LEN=40 TOS=0x00 PREC=0x00 TTL=123 ID=2619 DF PROTO=TCP SPT=58388 DPT=22 WINDOW=66 RES=0x00 ACK URGP=0 
Nov 16 2020 16:05:01 dbhost1 kernel: IPTABLES: IN=eth0 OUT= MAC=00:14:4f:8d:54:7e:00:d0:02:49:80:00:08:00 SRC=10.159.129.96 DST=10.208.188.15 LEN=40 TOS=0x00 PREC=0x00 TTL=123 ID=2621 DF PROTO=TCP SPT=58388 DPT=22 WINDOW=65 RES=0x00 ACK URGP=0 
Nov 16 2020 16:05:01 dbhost1 kernel: IPTABLES: IN=eth0 OUT= MAC=00:14:4f:8d:54:7e:00:d0:02:49:80:00:08:00 SRC=10.159.129.96 DST=10.208.188.15 LEN=40 TOS=0x00 PREC=0x00 TTL=123 ID=2621 DF PROTO=TCP SPT=58388 DPT=22 WINDOW=65 RES=0x00 ACK URGP=0 
Nov 16 2020 16:05:05 dbhost1 kernel: IPTABLES: IN=lo OUT= MAC=00:00:00:00:00:00:00:00:00:00:00:00:08:00 SRC=127.0.0.1 DST=127.0.0.1 LEN=40 TOS=0x00 PREC=0x00 TTL=64 ID=33154 DF PROTO=TCP SPT=6150 DPT=60256 WINDOW=0 RES=0x00 ACK RST URGP=0 
Nov 16 2020 16:05:05 dbhost1 kernel: IPTABLES: IN=lo OUT= MAC=00:00:00:00:00:00:00:00:00:00:00:00:08:00 SRC=127.0.0.1 DST=127.0.0.1 LEN=40 TOS=0x00 PREC=0x00 TTL=64 ID=33154 DF PROTO=TCP SPT=6150 DPT=60256 WINDOW=0 RES=0x00 ACK RST URGP=0 
Nov 16 2020 16:05:05 dbhost1 kernel: IPTABLES: IN=lo OUT= MAC=00:00:00:00:00:00:00:00:00:00:00:00:08:00 SRC=127.0.0.1 DST=127.0.0.1 LEN=60 TOS=0x00 PREC=0x00 TTL=64 ID=33606 DF PROTO=TCP SPT=60256 DPT=6150 WINDOW=43690 RES=0x00 SYN URGP=0 
Nov 16 2020 16:05:05 dbhost1 kernel: IPTABLES: IN=lo OUT= MAC=00:00:00:00:00:00:00:00:00:00:00:00:08:00 SRC=127.0.0.1 DST=127.0.0.1 LEN=60 TOS=0x00 PREC=0x00 TTL=64 ID=33606 DF PROTO=TCP SPT=60256 DPT=6150 WINDOW=43690 RES=0x00 SYN URGP=0 
Nov 16 2020 16:05:07 dbhost1 kernel: IPTABLES: IN=eth0 OUT= MAC=00:14:4f:8d:54:7e:00:d0:02:49:80:00:08:00 SRC=10.159.129.96 DST=10.208.188.15 LEN=104 TOS=0x00 PREC=0x00 TTL=123 ID=2622 DF PROTO=TCP SPT=58388 DPT=22 WINDOW=65 RES=0x00 ACK PSH URGP=0 
Nov 16 2020 16:05:07 dbhost1 kernel: IPTABLES: IN=eth0 OUT= MAC=00:14:4f:8d:54:7e:00:d0:02:49:80:00:08:00 SRC=10.159.129.96 DST=10.208.188.15 LEN=104 TOS=0x00 PREC=0x00 TTL=123 ID=2622 DF PROTO=TCP SPT=58388 DPT=22 WINDOW=65 RES=0x00 ACK PSH URGP=0 
Nov 16 2020 16:05:26 dbhost1 kernel: ip_tables: (C) 2000-2006 Netfilter Core Team
Nov 16 2020 16:11:46 dbhost1 kernel: ip_tables: (C) 2000-2006 Netfilter Core Team
Nov 16 2020 16:35:33 dbhost1 ntpd[9607]: frequency file /etc/ntp/drift.TEMP: Permission denied
Nov 16 2020 16:35:33 dbhost1 ntpd[9607]: frequency file /etc/ntp/drift.TEMP: Permission denied
Nov 16 2020 16:42:22 dbhost1 ntpd[9655]: 0.0.0.0 c614 04 freq_mode
Nov 16 2020 16:42:22 dbhost1 ntpd[9655]: 0.0.0.0 c61c 0c clock_step -276.283827 s
Nov 16 2020 16:42:23 dbhost1 ntpd[9655]: 0.0.0.0 c618 08 no_sys_peer
Nov 16 2020 16:42:24 dbhost1 polkitd[9966]: started daemon version 0.96 using authority implementation `local' version `0.96'
Nov 16 2020 16:42:24 dbhost1 rtkit-daemon[9977]: Sucessfully made thread 9975 of process 9975 (/usr/bin/pulseaudio) owned by '42' high priority at nice level -11.
Nov 16 2020 16:42:32 dbhost1 gnome-session[9923]: WARNING: Failed to send buffer
Nov 16 2020 16:42:32 dbhost1 gnome-session[9923]: WARNING: Failed to send buffer
Nov 16 2020 16:42:34 dbhost1 kernel: fuse init (API version 7.20)
Nov 16 2020 16:42:34 dbhost1 pulseaudio[10111]: pid.c: Stale PID file, overwriting.
Nov 16 2020 16:42:34 dbhost1 rtkit-daemon[9977]: Sucessfully made thread 10111 of process 10111 (/usr/bin/pulseaudio) owned by '502' high priority at nice level -11.
Nov 16 2020 16:42:34 dbhost1 seahorse-daemon[10099]: DNS-SD initialization failed: Daemon not running
Nov 16 2020 16:42:34 dbhost1 seahorse-daemon[10099]: init gpgme version 1.1.8
Nov 16 2020 16:42:35 dbhost1 pulseaudio[10169]: pid.c: Daemon already running.
Nov 16 2020 16:42:35 dbhost1 rtkit-daemon[9977]: Sucessfully made thread 10169 of process 10169 (/usr/bin/pulseaudio) owned by '502' high priority at nice level -11.
Nov 16 2020 16:43:53 dbhost1 kernel: EXT3-fs (sdc1): mounted filesystem with ordered data mode
Nov 16 2020 16:43:53 dbhost1 kernel: EXT3-fs (sdc1): recovery complete
Nov 16 2020 16:43:53 dbhost1 kernel: EXT3-fs (sdc1): using internal journal
Nov 16 2020 16:43:53 dbhost1 kernel: kjournald starting.  Commit interval 5 seconds
Nov 16 2020 16:44:07 dbhost1 kernel: EXT3-fs (sdd1): mounted filesystem with ordered data mode
Nov 16 2020 16:44:07 dbhost1 kernel: EXT3-fs (sdd1): recovery complete
Nov 16 2020 16:44:07 dbhost1 kernel: EXT3-fs (sdd1): using internal journal
Nov 16 2020 16:44:07 dbhost1 kernel: kjournald starting.  Commit interval 5 seconds
Nov 16 2020 16:46:45 dbhost1 cpuspeed: Enabling ondemand cpu frequency scaling governor
Nov 16 2020 16:46:45 dbhost1 kernel: 	RCU restricting CPUs from NR_CPUS=4096 to nr_cpu_ids=16.
Nov 16 2020 16:46:45 dbhost1 kernel:  DMA      [mem 0x00010000-0x00ffffff]
Nov 16 2020 16:46:45 dbhost1 kernel:  DMA32    [mem 0x01000000-0xffffffff]
Nov 16 2020 16:46:45 dbhost1 kernel:  NODE_DATA [mem 0x17ffd9000-0x17fffffff]
Nov 16 2020 16:46:45 dbhost1 kernel:  NODE_DATA [mem 0x27ffd9000-0x27fffffff]
Nov 16 2020 16:46:45 dbhost1 kernel:  NODE_DATA [mem 0x37ffd9000-0x37fffffff]
Nov 16 2020 16:46:45 dbhost1 kernel:  NODE_DATA [mem 0x47ffcb000-0x47fff1fff]
Nov 16 2020 16:46:45 dbhost1 kernel:  Normal   [mem 0x100000000-0x47fffffff]
Nov 16 2020 16:46:45 dbhost1 kernel:  node   0: [mem 0x00010000-0x00098fff]
Nov 16 2020 16:46:45 dbhost1 kernel:  node   0: [mem 0x00100000-0x7ffeffff]
Nov 16 2020 16:46:45 dbhost1 kernel:  node   0: [mem 0x100000000-0x17fffffff]
Nov 16 2020 16:46:45 dbhost1 kernel:  node   1: [mem 0x180000000-0x27fffffff]
Nov 16 2020 16:46:45 dbhost1 kernel:  node   2: [mem 0x280000000-0x37fffffff]
Nov 16 2020 16:46:45 dbhost1 kernel:  node   3: [mem 0x380000000-0x47fffffff]
Nov 16 2020 16:46:45 dbhost1 kernel: ... bit width:              48
Nov 16 2020 16:46:45 dbhost1 kernel: ... event mask:             000000000000000f
Nov 16 2020 16:46:45 dbhost1 kernel: ... fixed-purpose events:   0
Nov 16 2020 16:46:45 dbhost1 kernel: ... generic registers:      4
Nov 16 2020 16:46:45 dbhost1 kernel: ... max period:             00007fffffffffff
Nov 16 2020 16:46:45 dbhost1 kernel: ... value mask:             0000ffffffffffff
Nov 16 2020 16:46:45 dbhost1 kernel: ... version:                0
Nov 16 2020 16:46:45 dbhost1 kernel: ..TIMER: vector=0x30 apic1=0 pin1=2 apic2=0 pin2=0
Nov 16 2020 16:46:45 dbhost1 kernel: 00:07: ttyS0 at I/O 0x3f8 (irq = 4) is a 16550A
Nov 16 2020 16:46:45 dbhost1 kernel: AAC0: 64 Bit DAC enabled
Nov 16 2020 16:46:45 dbhost1 kernel: AAC0: 64bit support enabled.
Nov 16 2020 16:46:45 dbhost1 kernel: AAC0: Non-DASD support enabled.
Nov 16 2020 16:46:45 dbhost1 kernel: AAC0: bios 5.2-0[15583]
Nov 16 2020 16:46:45 dbhost1 kernel: AAC0: kernel 5.2-0[15583] Nov 27 2007
Nov 16 2020 16:46:45 dbhost1 kernel: AAC0: monitor 5.2-0[15583]
Nov 16 2020 16:46:45 dbhost1 kernel: AAC0: serial 00809AA0485
Nov 16 2020 16:46:45 dbhost1 kernel: ACPI: (supports S0 S1 S5)
Nov 16 2020 16:46:45 dbhost1 kernel: ACPI: ACPI bus type pnp unregistered
Nov 16 2020 16:46:45 dbhost1 kernel: ACPI: APIC 000000007fff0390 000EC (v01 SUN    X4x40    01000802 MSFT 00000097)
Nov 16 2020 16:46:45 dbhost1 kernel: ACPI: Added _OSI(3.0 _SCP Extensions)
Nov 16 2020 16:46:45 dbhost1 kernel: ACPI: Added _OSI(Module Device)
Nov 16 2020 16:46:45 dbhost1 kernel: ACPI: Added _OSI(Processor Aggregator Device)
Nov 16 2020 16:46:45 dbhost1 kernel: ACPI: Added _OSI(Processor Device)
Nov 16 2020 16:46:45 dbhost1 kernel: ACPI: Core revision 20121018
Nov 16 2020 16:46:45 dbhost1 kernel: ACPI: DSDT 000000007fff0580 07A76 (v01  0ABMN 0ABMN022 00000022 INTL 20051117)
Nov 16 2020 16:46:45 dbhost1 kernel: ACPI: Executed 1 blocks of module-level executable AML code
Nov 16 2020 16:46:45 dbhost1 kernel: ACPI: FACP 000000007fff0200 00084 (v02 SUN    X4x40    01000802 MSFT 00000097)
Nov 16 2020 16:46:45 dbhost1 kernel: ACPI: FACS 000000007fffe000 00040
Nov 16 2020 16:46:45 dbhost1 kernel: ACPI: HPET 000000007fff81a0 00038 (v01 SUN    OEMHPET0 01000802 MSFT 00000097)
Nov 16 2020 16:46:45 dbhost1 kernel: ACPI: HPET id: 0x10de8201 base: 0xfed00000
Nov 16 2020 16:46:45 dbhost1 kernel: ACPI: INT_SRC_OVR (bus 0 bus_irq 0 global_irq 2 dfl dfl)
Nov 16 2020 16:46:45 dbhost1 kernel: ACPI: INT_SRC_OVR (bus 0 bus_irq 14 global_irq 14 high edge)
Nov 16 2020 16:46:45 dbhost1 kernel: ACPI: INT_SRC_OVR (bus 0 bus_irq 15 global_irq 15 high edge)
Nov 16 2020 16:46:45 dbhost1 kernel: ACPI: INT_SRC_OVR (bus 0 bus_irq 9 global_irq 9 high level)
Nov 16 2020 16:46:45 dbhost1 kernel: ACPI: IOAPIC (id[0x08] address[0xfec00000] gsi_base[0])
Nov 16 2020 16:46:45 dbhost1 kernel: ACPI: IOAPIC (id[0x09] address[0xddfff000] gsi_base[24])
Nov 16 2020 16:46:45 dbhost1 kernel: ACPI: Interpreter enabled
Nov 16 2020 16:46:45 dbhost1 kernel: ACPI: LAPIC (acpi_id[0x01] lapic_id[0x00] enabled)
Nov 16 2020 16:46:45 dbhost1 kernel: ACPI: LAPIC (acpi_id[0x02] lapic_id[0x01] enabled)
Nov 16 2020 16:46:45 dbhost1 kernel: ACPI: LAPIC (acpi_id[0x03] lapic_id[0x02] enabled)
Nov 16 2020 16:46:45 dbhost1 kernel: ACPI: LAPIC (acpi_id[0x04] lapic_id[0x03] enabled)
Nov 16 2020 16:46:45 dbhost1 kernel: ACPI: LAPIC (acpi_id[0x05] lapic_id[0x04] enabled)
Nov 16 2020 16:46:45 dbhost1 kernel: ACPI: LAPIC (acpi_id[0x06] lapic_id[0x05] enabled)
Nov 16 2020 16:46:45 dbhost1 kernel: ACPI: LAPIC (acpi_id[0x07] lapic_id[0x06] enabled)
Nov 16 2020 16:46:45 dbhost1 kernel: ACPI: LAPIC (acpi_id[0x08] lapic_id[0x07] enabled)
Nov 16 2020 16:46:45 dbhost1 kernel: ACPI: LAPIC (acpi_id[0x09] lapic_id[0x88] disabled)
Nov 16 2020 16:46:45 dbhost1 kernel: ACPI: LAPIC (acpi_id[0x0a] lapic_id[0x89] disabled)
Nov 16 2020 16:46:45 dbhost1 kernel: ACPI: LAPIC (acpi_id[0x0b] lapic_id[0x8a] disabled)
Nov 16 2020 16:46:45 dbhost1 kernel: ACPI: LAPIC (acpi_id[0x0c] lapic_id[0x8b] disabled)
Nov 16 2020 16:46:45 dbhost1 kernel: ACPI: LAPIC (acpi_id[0x0d] lapic_id[0x8c] disabled)
Nov 16 2020 16:46:45 dbhost1 kernel: ACPI: LAPIC (acpi_id[0x0e] lapic_id[0x8d] disabled)
Nov 16 2020 16:46:45 dbhost1 kernel: ACPI: LAPIC (acpi_id[0x0f] lapic_id[0x8e] disabled)
Nov 16 2020 16:46:45 dbhost1 kernel: ACPI: LAPIC (acpi_id[0x10] lapic_id[0x8f] disabled)
Nov 16 2020 16:46:45 dbhost1 kernel: ACPI: MCFG 000000007fff04d0 0003C (v01 SUN    OEMMCFG  01000802 MSFT 00000097)
Nov 16 2020 16:46:45 dbhost1 kernel: ACPI: No dock devices found.
Nov 16 2020 16:46:45 dbhost1 kernel: ACPI: OEMB 000000007fffe040 000A6 (v01 SUN    X4x40    01000802 MSFT 00000097)
Nov 16 2020 16:46:45 dbhost1 kernel: ACPI: PCI Interrupt Link [IIM0] (IRQs 44 45 46 47) *7
Nov 16 2020 16:46:45 dbhost1 kernel: ACPI: PCI Interrupt Link [IIM0] enabled at IRQ 44
Nov 16 2020 16:46:45 dbhost1 kernel: ACPI: PCI Interrupt Link [IIM1] (IRQs 44 45 46 47) *7
Nov 16 2020 16:46:45 dbhost1 kernel: ACPI: PCI Interrupt Link [IIM1] enabled at IRQ 47
Nov 16 2020 16:46:45 dbhost1 kernel: ACPI: PCI Interrupt Link [IIM2] (IRQs 44 45 46 47) *15
Nov 16 2020 16:46:45 dbhost1 kernel: ACPI: PCI Interrupt Link [IIM3] (IRQs 44 45 46 47) *15
Nov 16 2020 16:46:45 dbhost1 kernel: ACPI: PCI Interrupt Link [ILPM] (IRQs 44 45 46 47) *0, disabled.
Nov 16 2020 16:46:45 dbhost1 kernel: ACPI: PCI Interrupt Link [ILPN] (IRQs 44 45 46 47) *15
Nov 16 2020 16:46:45 dbhost1 kernel: ACPI: PCI Interrupt Link [ILSM] (IRQs 44 45 46 47) *7
Nov 16 2020 16:46:45 dbhost1 kernel: ACPI: PCI Interrupt Link [ILSN] (IRQs 44 45 46 47) *15
Nov 16 2020 16:46:45 dbhost1 kernel: ACPI: PCI Interrupt Link [ISI0] (IRQs 44 45 46 47) *7
Nov 16 2020 16:46:45 dbhost1 kernel: ACPI: PCI Interrupt Link [ISI0] enabled at IRQ 47
Nov 16 2020 16:46:45 dbhost1 kernel: ACPI: PCI Interrupt Link [ISI1] (IRQs 44 45 46 47) *7
Nov 16 2020 16:46:45 dbhost1 kernel: ACPI: PCI Interrupt Link [ISI1] enabled at IRQ 46
Nov 16 2020 16:46:45 dbhost1 kernel: ACPI: PCI Interrupt Link [ISI2] (IRQs 44 45 46 47) *7
Nov 16 2020 16:46:45 dbhost1 kernel: ACPI: PCI Interrupt Link [ISI2] enabled at IRQ 45
Nov 16 2020 16:46:45 dbhost1 kernel: ACPI: PCI Interrupt Link [ISI3] (IRQs 44 45 46 47) *15
Nov 16 2020 16:46:45 dbhost1 kernel: ACPI: PCI Interrupt Link [ISI4] (IRQs 44 45 46 47) *15
Nov 16 2020 16:46:45 dbhost1 kernel: ACPI: PCI Interrupt Link [ISI5] (IRQs 44 45 46 47) *15
Nov 16 2020 16:46:45 dbhost1 kernel: ACPI: PCI Interrupt Link [LATA] (IRQs 20 21 22 23) *0, disabled.
Nov 16 2020 16:46:45 dbhost1 kernel: ACPI: PCI Interrupt Link [LAZA] (IRQs 20 21 22 23) *0, disabled.
Nov 16 2020 16:46:45 dbhost1 kernel: ACPI: PCI Interrupt Link [LE3A] (IRQs 40 41 42 43) *0, disabled.
Nov 16 2020 16:46:45 dbhost1 kernel: ACPI: PCI Interrupt Link [LE3B] (IRQs 40 41 42 43) *0, disabled.
Nov 16 2020 16:46:45 dbhost1 kernel: ACPI: PCI Interrupt Link [LE3C] (IRQs 40 41 42 43) *0, disabled.
Nov 16 2020 16:46:45 dbhost1 kernel: ACPI: PCI Interrupt Link [LE3D] (IRQs 40 41 42 43) *0, disabled.
Nov 16 2020 16:46:45 dbhost1 kernel: ACPI: PCI Interrupt Link [LMAC] (IRQs 20 21 22 23) *10
Nov 16 2020 16:46:45 dbhost1 kernel: ACPI: PCI Interrupt Link [LMAC] enabled at IRQ 22
Nov 16 2020 16:46:45 dbhost1 kernel: ACPI: PCI Interrupt Link [LMAD] (IRQs 20 21 22 23) *11
Nov 16 2020 16:46:45 dbhost1 kernel: ACPI: PCI Interrupt Link [LMAD] enabled at IRQ 21
Nov 16 2020 16:46:45 dbhost1 kernel: ACPI: PCI Interrupt Link [LN2A] (IRQs 40 41 42 43) *15
Nov 16 2020 16:46:45 dbhost1 kernel: ACPI: PCI Interrupt Link [LN2B] (IRQs 40 41 42 43) *15
Nov 16 2020 16:46:45 dbhost1 kernel: ACPI: PCI Interrupt Link [LN2C] (IRQs 40 41 42 43) *15
Nov 16 2020 16:46:45 dbhost1 kernel: ACPI: PCI Interrupt Link [LN2D] (IRQs 40 41 42 43) *15
Nov 16 2020 16:46:45 dbhost1 kernel: ACPI: PCI Interrupt Link [LNEA] (IRQs 16 17 18 19) *0, disabled.
Nov 16 2020 16:46:45 dbhost1 kernel: ACPI: PCI Interrupt Link [LNEB] (IRQs 16 17 18 19) *15
Nov 16 2020 16:46:45 dbhost1 kernel: ACPI: PCI Interrupt Link [LNEB] enabled at IRQ 19
Nov 16 2020 16:46:45 dbhost1 kernel: ACPI: PCI Interrupt Link [LNEC] (IRQs 16 17 18 19) *0, disabled.
Nov 16 2020 16:46:45 dbhost1 kernel: ACPI: PCI Interrupt Link [LNED] (IRQs 16 17 18 19) *0, disabled.
Nov 16 2020 16:46:45 dbhost1 kernel: ACPI: PCI Interrupt Link [LNKA] (IRQs 16 17 18 19) *7
Nov 16 2020 16:46:45 dbhost1 kernel: ACPI: PCI Interrupt Link [LNKB] (IRQs 16 17 18 19) *0, disabled.
Nov 16 2020 16:46:45 dbhost1 kernel: ACPI: PCI Interrupt Link [LNKC] (IRQs 16 17 18 19) *0, disabled.
Nov 16 2020 16:46:45 dbhost1 kernel: ACPI: PCI Interrupt Link [LNKD] (IRQs 16 17 18 19) *7
Nov 16 2020 16:46:45 dbhost1 kernel: ACPI: PCI Interrupt Link [LPMU] (IRQs 20 21 22 23) *0, disabled.
Nov 16 2020 16:46:45 dbhost1 kernel: ACPI: PCI Interrupt Link [LSA0] (IRQs 20 21 22 23) *15
Nov 16 2020 16:46:45 dbhost1 kernel: ACPI: PCI Interrupt Link [LSA0] enabled at IRQ 21
Nov 16 2020 16:46:45 dbhost1 kernel: ACPI: PCI Interrupt Link [LSA1] (IRQs 20 21 22 23) *14
Nov 16 2020 16:46:45 dbhost1 kernel: ACPI: PCI Interrupt Link [LSA1] enabled at IRQ 20
Nov 16 2020 16:46:45 dbhost1 kernel: ACPI: PCI Interrupt Link [LSA2] (IRQs 20 21 22 23) *7
Nov 16 2020 16:46:45 dbhost1 kernel: ACPI: PCI Interrupt Link [LSA2] enabled at IRQ 23
Nov 16 2020 16:46:45 dbhost1 kernel: ACPI: PCI Interrupt Link [LSMB] (IRQs 20 21 22 23) *11
Nov 16 2020 16:46:45 dbhost1 kernel: ACPI: PCI Interrupt Link [LUB0] (IRQs 20 21 22 23) *5
Nov 16 2020 16:46:45 dbhost1 kernel: ACPI: PCI Interrupt Link [LUB0] enabled at IRQ 23
Nov 16 2020 16:46:45 dbhost1 kernel: ACPI: PCI Interrupt Link [LUB2] (IRQs 20 21 22 23) *5
Nov 16 2020 16:46:45 dbhost1 kernel: ACPI: PCI Interrupt Link [LUB2] enabled at IRQ 22
Nov 16 2020 16:46:45 dbhost1 kernel: ACPI: PCI Root Bridge [PCI0] (domain 0000 [bus 00-04])
Nov 16 2020 16:46:45 dbhost1 kernel: ACPI: PCI Root Bridge [PCIB] (domain 0000 [bus 80-83])
Nov 16 2020 16:46:45 dbhost1 kernel: ACPI: PM-Timer IO Port: 0xe008
Nov 16 2020 16:46:45 dbhost1 kernel: ACPI: Power Button [PWRB]
Nov 16 2020 16:46:45 dbhost1 kernel: ACPI: Power Button [PWRF]
Nov 16 2020 16:46:45 dbhost1 kernel: ACPI: RSDP 00000000000fb240 00014 (v00 ACPIAM)
Nov 16 2020 16:46:45 dbhost1 kernel: ACPI: RSDT 000000007fff0000 00048 (v01 SUN    X4x40    01000802 MSFT 00000097)
Nov 16 2020 16:46:45 dbhost1 kernel: ACPI: SLIT 000000007fff0540 0003C (v01 SUN    OEMSLIT  01000802 MSFT 00000097)
Nov 16 2020 16:46:45 dbhost1 kernel: ACPI: SPCR 000000007fff0480 00050 (v01 SUN    X4x40    01000802 MSFT 00000097)
Nov 16 2020 16:46:45 dbhost1 kernel: ACPI: SRAT 000000007fff8000 001A0 (v01 AMD    HAMMER   00000001 AMD  00000001)
Nov 16 2020 16:46:45 dbhost1 kernel: ACPI: SSDT 000000007fff81e0 00BCC (v01 A M I  POWERNOW 00000001 AMD  00000001)
Nov 16 2020 16:46:45 dbhost1 kernel: ACPI: Using IOAPIC for interrupt routing
Nov 16 2020 16:46:45 dbhost1 kernel: ACPI: bus type pci registered
Nov 16 2020 16:46:45 dbhost1 kernel: ACPI: bus type pnp registered
Nov 16 2020 16:46:45 dbhost1 kernel: ACPI: bus type scsi registered
Nov 16 2020 16:46:45 dbhost1 kernel: ACPI: bus type usb registered
Nov 16 2020 16:46:45 dbhost1 kernel: AMD IOMMUv2 driver by Joerg Roedel <joerg.roedel@amd.com>
Nov 16 2020 16:46:45 dbhost1 kernel: AMD IOMMUv2 functionality not available on this system
Nov 16 2020 16:46:45 dbhost1 kernel: AMD64 EDAC driver v3.4.0
Nov 16 2020 16:46:45 dbhost1 kernel: Adaptec aacraid driver 1.2-1[40709]-ms
Nov 16 2020 16:46:45 dbhost1 kernel: Adding 18718716k swap on /dev/mapper/vg_smpint12-lv_swap.  Priority:-1 extents:1 across:18718716k 
Nov 16 2020 16:46:45 dbhost1 kernel: Aperture beyond 4GB. Ignoring.
Nov 16 2020 16:46:45 dbhost1 kernel: Asymmetric key parser 'x509' registered
Nov 16 2020 16:46:45 dbhost1 kernel: BIOS-e820: [mem 0x0000000000000000-0x00000000000997ff] usable
Nov 16 2020 16:46:45 dbhost1 kernel: BIOS-e820: [mem 0x0000000000099800-0x000000000009ffff] reserved
Nov 16 2020 16:46:45 dbhost1 kernel: BIOS-e820: [mem 0x00000000000e0000-0x00000000000fffff] reserved
Nov 16 2020 16:46:45 dbhost1 kernel: BIOS-e820: [mem 0x0000000000100000-0x000000007ffeffff] usable
Nov 16 2020 16:46:45 dbhost1 kernel: BIOS-e820: [mem 0x000000007fff0000-0x000000007fffdfff] ACPI data
Nov 16 2020 16:46:45 dbhost1 kernel: BIOS-e820: [mem 0x000000007fffe000-0x000000007fffffff] ACPI NVS
Nov 16 2020 16:46:45 dbhost1 kernel: BIOS-e820: [mem 0x00000000e0000000-0x00000000efffffff] reserved
Nov 16 2020 16:46:45 dbhost1 kernel: BIOS-e820: [mem 0x00000000fec00000-0x00000000fec00fff] reserved
Nov 16 2020 16:46:45 dbhost1 kernel: BIOS-e820: [mem 0x00000000fee00000-0x00000000feefffff] reserved
Nov 16 2020 16:46:45 dbhost1 kernel: BIOS-e820: [mem 0x00000000ff700000-0x00000000ffffffff] reserved
Nov 16 2020 16:46:45 dbhost1 kernel: BIOS-e820: [mem 0x0000000100000000-0x000000047fffffff] usable
Nov 16 2020 16:46:45 dbhost1 kernel: Block layer SCSI generic (bsg) driver version 0.4 loaded (major 252)
Nov 16 2020 16:46:45 dbhost1 kernel: Booting paravirtualized kernel on bare hardware
Nov 16 2020 16:46:45 dbhost1 kernel: Brought up 8 CPUs
Nov 16 2020 16:46:45 dbhost1 kernel: Built 4 zonelists in Zone order, mobility grouping on.  Total pages: 4128626
Nov 16 2020 16:46:45 dbhost1 kernel: CPU: Physical Processor ID: 0
Nov 16 2020 16:46:45 dbhost1 kernel: CPU: Processor Core ID: 0
Nov 16 2020 16:46:45 dbhost1 kernel: Calibrating delay loop (skipped), value calculated using timer frequency.. 6000.68 BogoMIPS (lpj=3000344)
Nov 16 2020 16:46:45 dbhost1 kernel: Checking aperture...
Nov 16 2020 16:46:45 dbhost1 kernel: Command line: ro root=/dev/mapper/vg_smpint12-lv_root rd_NO_LUKS rd_LVM_LV=vg_smpint12/lv_root rd_LVM_LV=vg_smpint12/lv_swap rd_NO_MD SYSFONT=latarcyrheb-sun16 crashkernel=auto  KEYBOARDTYPE=pc KEYTABLE=us rd_NO_DM LANG=en_US.UTF-8 rhgb quiet
Nov 16 2020 16:46:45 dbhost1 kernel: Console: colour VGA+ 80x25
Nov 16 2020 16:46:45 dbhost1 kernel: Dentry cache hash table entries: 2097152 (order: 12, 16777216 bytes)
Nov 16 2020 16:46:45 dbhost1 kernel: Detected use of extended apic ids on hypertransport bus
Nov 16 2020 16:46:45 dbhost1 kernel: Detected use of extended apic ids on hypertransport bus
Nov 16 2020 16:46:45 dbhost1 kernel: Detected use of extended apic ids on hypertransport bus
Nov 16 2020 16:46:45 dbhost1 kernel: Detected use of extended apic ids on hypertransport bus
Nov 16 2020 16:46:45 dbhost1 kernel: Dquot-cache hash table entries: 512 (order 0, 4096 bytes)
Nov 16 2020 16:46:45 dbhost1 kernel: EDAC MC0: Giving out device to 'amd64_edac' 'K8': DEV 0000:00:18.2
Nov 16 2020 16:46:45 dbhost1 kernel: EDAC MC1: Giving out device to 'amd64_edac' 'K8': DEV 0000:00:19.2
Nov 16 2020 16:46:45 dbhost1 kernel: EDAC MC2: Giving out device to 'amd64_edac' 'K8': DEV 0000:00:1a.2
Nov 16 2020 16:46:45 dbhost1 kernel: EDAC MC3: Giving out device to 'amd64_edac' 'K8': DEV 0000:00:1b.2
Nov 16 2020 16:46:45 dbhost1 kernel: EDAC MC: Ver: 3.0.0
Nov 16 2020 16:46:45 dbhost1 kernel: EDAC PCI0: Giving out device to module 'amd64_edac' controller 'EDAC PCI controller': DEV '0000:00:18.2' (POLLED)
Nov 16 2020 16:46:45 dbhost1 kernel: EDAC amd64: CS6: Registered DDR2 RAM
Nov 16 2020 16:46:45 dbhost1 kernel: EDAC amd64: CS6: Registered DDR2 RAM
Nov 16 2020 16:46:45 dbhost1 kernel: EDAC amd64: CS6: Registered DDR2 RAM
Nov 16 2020 16:46:45 dbhost1 kernel: EDAC amd64: CS6: Registered DDR2 RAM
Nov 16 2020 16:46:45 dbhost1 kernel: EDAC amd64: CS7: Registered DDR2 RAM
Nov 16 2020 16:46:45 dbhost1 kernel: EDAC amd64: CS7: Registered DDR2 RAM
Nov 16 2020 16:46:45 dbhost1 kernel: EDAC amd64: CS7: Registered DDR2 RAM
Nov 16 2020 16:46:45 dbhost1 kernel: EDAC amd64: CS7: Registered DDR2 RAM
Nov 16 2020 16:46:45 dbhost1 kernel: EDAC amd64: DRAM ECC enabled.
Nov 16 2020 16:46:45 dbhost1 kernel: EDAC amd64: DRAM ECC enabled.
Nov 16 2020 16:46:45 dbhost1 kernel: EDAC amd64: DRAM ECC enabled.
Nov 16 2020 16:46:45 dbhost1 kernel: EDAC amd64: DRAM ECC enabled.
Nov 16 2020 16:46:45 dbhost1 kernel: EDAC amd64: K8 revF or later detected (node 0).
Nov 16 2020 16:46:45 dbhost1 kernel: EDAC amd64: K8 revF or later detected (node 1).
Nov 16 2020 16:46:45 dbhost1 kernel: EDAC amd64: K8 revF or later detected (node 2).
Nov 16 2020 16:46:45 dbhost1 kernel: EDAC amd64: K8 revF or later detected (node 3).
Nov 16 2020 16:46:45 dbhost1 kernel: EDAC amd64: MC: 0:     0MB 1:     0MB
Nov 16 2020 16:46:45 dbhost1 kernel: EDAC amd64: MC: 0:     0MB 1:     0MB
Nov 16 2020 16:46:45 dbhost1 kernel: EDAC amd64: MC: 0:     0MB 1:     0MB
Nov 16 2020 16:46:45 dbhost1 kernel: EDAC amd64: MC: 0:     0MB 1:     0MB
Nov 16 2020 16:46:45 dbhost1 kernel: EDAC amd64: MC: 2:     0MB 3:     0MB
Nov 16 2020 16:46:45 dbhost1 kernel: EDAC amd64: MC: 2:     0MB 3:     0MB
Nov 16 2020 16:46:45 dbhost1 kernel: EDAC amd64: MC: 2:     0MB 3:     0MB
Nov 16 2020 16:46:45 dbhost1 kernel: EDAC amd64: MC: 2:     0MB 3:     0MB
Nov 16 2020 16:46:45 dbhost1 kernel: EDAC amd64: MC: 4:     0MB 5:     0MB
Nov 16 2020 16:46:45 dbhost1 kernel: EDAC amd64: MC: 4:     0MB 5:     0MB
Nov 16 2020 16:46:45 dbhost1 kernel: EDAC amd64: MC: 4:     0MB 5:     0MB
Nov 16 2020 16:46:45 dbhost1 kernel: EDAC amd64: MC: 4:     0MB 5:     0MB
Nov 16 2020 16:46:45 dbhost1 kernel: EDAC amd64: MC: 6:  2048MB 7:  2048MB
Nov 16 2020 16:46:45 dbhost1 kernel: EDAC amd64: MC: 6:  2048MB 7:  2048MB
Nov 16 2020 16:46:45 dbhost1 kernel: EDAC amd64: MC: 6:  2048MB 7:  2048MB
Nov 16 2020 16:46:45 dbhost1 kernel: EDAC amd64: MC: 6:  2048MB 7:  2048MB
Nov 16 2020 16:46:45 dbhost1 kernel: EXT4-fs (dm-0): 11 orphan inodes deleted
Nov 16 2020 16:46:45 dbhost1 kernel: EXT4-fs (dm-0): INFO: recovery required on readonly filesystem
Nov 16 2020 16:46:45 dbhost1 kernel: EXT4-fs (dm-0): mounted filesystem with ordered data mode. Opts: (null)
Nov 16 2020 16:46:45 dbhost1 kernel: EXT4-fs (dm-0): orphan cleanup on readonly fs
Nov 16 2020 16:46:45 dbhost1 kernel: EXT4-fs (dm-0): re-mounted. Opts: (null)
Nov 16 2020 16:46:45 dbhost1 kernel: EXT4-fs (dm-0): recovery complete
Nov 16 2020 16:46:45 dbhost1 kernel: EXT4-fs (dm-0): write access will be enabled during recovery
Nov 16 2020 16:46:45 dbhost1 kernel: EXT4-fs (dm-2): mounted filesystem with ordered data mode. Opts: (null)
Nov 16 2020 16:46:45 dbhost1 kernel: EXT4-fs (sda1): mounted filesystem with ordered data mode. Opts: (null)
Nov 16 2020 16:46:45 dbhost1 kernel: Early memory node ranges
Nov 16 2020 16:46:45 dbhost1 kernel: Enabling automatic NUMA balancing. Configure with numa_balancing= or sysctl
Nov 16 2020 16:46:45 dbhost1 kernel: Freeing SMP alternatives: 20k freed
Nov 16 2020 16:46:45 dbhost1 kernel: Freeing initrd memory: 22956k freed
Nov 16 2020 16:46:45 dbhost1 kernel: Freeing unused kernel memory: 1876k freed
Nov 16 2020 16:46:45 dbhost1 kernel: GHES: HEST is not enabled!
Nov 16 2020 16:46:45 dbhost1 kernel: HPET: 3 timers in total, 0 timers will be used for per-cpu timer
Nov 16 2020 16:46:45 dbhost1 kernel: Hierarchical RCU implementation.
Nov 16 2020 16:46:45 dbhost1 kernel: HugeTLB registered 2 MB page size, pre-allocated 0 pages
Nov 16 2020 16:46:45 dbhost1 kernel: IMA: No TPM chip found, activating TPM-bypass!
Nov 16 2020 16:46:45 dbhost1 kernel: IOAPIC[0]: apic_id 8, version 17, address 0xfec00000, GSI 0-23
Nov 16 2020 16:46:45 dbhost1 kernel: IOAPIC[1]: apic_id 9, version 17, address 0xddfff000, GSI 24-47
Nov 16 2020 16:46:45 dbhost1 kernel: Initialise system trusted keyring
Nov 16 2020 16:46:45 dbhost1 kernel: Initializing USB Mass Storage driver...
Nov 16 2020 16:46:45 dbhost1 kernel: Initializing XFRM netlink socket
Nov 16 2020 16:46:45 dbhost1 kernel: Initializing cgroup subsys blkio
Nov 16 2020 16:46:45 dbhost1 kernel: Initializing cgroup subsys cpu
Nov 16 2020 16:46:45 dbhost1 kernel: Initializing cgroup subsys cpuacct
Nov 16 2020 16:46:45 dbhost1 kernel: Initializing cgroup subsys cpuset
Nov 16 2020 16:46:45 dbhost1 kernel: Initializing cgroup subsys devices
Nov 16 2020 16:46:45 dbhost1 kernel: Initializing cgroup subsys freezer
Nov 16 2020 16:46:45 dbhost1 kernel: Initializing cgroup subsys hugetlb
Nov 16 2020 16:46:45 dbhost1 kernel: Initializing cgroup subsys memory
Nov 16 2020 16:46:45 dbhost1 kernel: Initializing cgroup subsys net_cls
Nov 16 2020 16:46:45 dbhost1 kernel: Initializing cgroup subsys perf_event
Nov 16 2020 16:46:45 dbhost1 kernel: Initmem setup node 0 [mem 0x00000000-0x17fffffff]
Nov 16 2020 16:46:45 dbhost1 kernel: Initmem setup node 1 [mem 0x180000000-0x27fffffff]
Nov 16 2020 16:46:45 dbhost1 kernel: Initmem setup node 2 [mem 0x280000000-0x37fffffff]
Nov 16 2020 16:46:45 dbhost1 kernel: Initmem setup node 3 [mem 0x380000000-0x47fffffff]
Nov 16 2020 16:46:45 dbhost1 kernel: Inode-cache hash table entries: 1048576 (order: 11, 8388608 bytes)
Nov 16 2020 16:46:45 dbhost1 kernel: Kernel command line: ro root=/dev/mapper/vg_smpint12-lv_root rd_NO_LUKS rd_LVM_LV=vg_smpint12/lv_root rd_LVM_LV=vg_smpint12/lv_swap rd_NO_MD SYSFONT=latarcyrheb-sun16 crashkernel=257M@0M  KEYBOARDTYPE=pc KEYTABLE=us rd_NO_DM LANG=en_US.UTF-8 rhgb quiet
Nov 16 2020 16:46:45 dbhost1 kernel: Key type asymmetric registered
Nov 16 2020 16:46:45 dbhost1 kernel: Key type dns_resolver registered
Nov 16 2020 16:46:45 dbhost1 kernel: LVT offset 0 assigned for vector 0xf9
Nov 16 2020 16:46:45 dbhost1 kernel: Last level dTLB entries: 4KB 512, 2MB 8, 4MB 4
Nov 16 2020 16:46:45 dbhost1 kernel: Last level iTLB entries: 4KB 512, 2MB 8, 4MB 4
Nov 16 2020 16:46:45 dbhost1 kernel: Linux agpgart interface v0.103
Nov 16 2020 16:46:45 dbhost1 kernel: Linux version 3.8.13-98.2.1.el6uek.x86_64 (mockbuild@x86-ol6-builder-06) (gcc version 4.4.7 20120313 (Red Hat 4.4.7-11) (GCC) ) #2 SMP Wed Aug 19 16:33:29 PDT 2015
Nov 16 2020 16:46:45 dbhost1 kernel: Loaded X.509 cert 'Oracle America, Inc.: Ksplice Kernel Module Signing Key: 09010ebef5545fa7c54b626ef518e077b5b1ee4c'
Nov 16 2020 16:46:45 dbhost1 kernel: Loaded X.509 cert 'Oracle CA Server: 5ce619fb58faff6515c2169ee6d8497e60a2b689'
Nov 16 2020 16:46:45 dbhost1 kernel: Loaded X.509 cert 'Oracle Linux Kernel Module Signing Key: 2bb352412969a3653f0eb6021763408ebb9bb5ab'
Nov 16 2020 16:46:45 dbhost1 kernel: Loading compiled-in X.509 certificates
Nov 16 2020 16:46:45 dbhost1 kernel: MCE: In-kernel MCE decoding enabled.
Nov 16 2020 16:46:45 dbhost1 kernel: Mapping aperture over 65536 KB of RAM @ 74000000
Nov 16 2020 16:46:45 dbhost1 kernel: Memory: 16079204k/18874368k available (5813k kernel code, 2097692k absent, 697472k reserved, 4212k data, 1876k init)
Nov 16 2020 16:46:45 dbhost1 kernel: Mount-cache hash table entries: 256
Nov 16 2020 16:46:45 dbhost1 kernel: Movable zone start for each node
Nov 16 2020 16:46:45 dbhost1 kernel: NET: Registered protocol family 1
Nov 16 2020 16:46:45 dbhost1 kernel: NET: Registered protocol family 10
Nov 16 2020 16:46:45 dbhost1 kernel: NET: Registered protocol family 16
Nov 16 2020 16:46:45 dbhost1 kernel: NET: Registered protocol family 17
Nov 16 2020 16:46:45 dbhost1 kernel: NET: Registered protocol family 2
Nov 16 2020 16:46:45 dbhost1 kernel: NMI watchdog: enabled on all CPUs, permanently consumes one hw-PMU counter.
Nov 16 2020 16:46:45 dbhost1 kernel: NR_IRQS:262400 nr_irqs:1216 16
Nov 16 2020 16:46:45 dbhost1 kernel: NUMA: Node 0 [mem 0x00000000-0x0009ffff] + [mem 0x00100000-0x7fffffff] -> [mem 0x00000000-0x7fffffff]
Nov 16 2020 16:46:45 dbhost1 kernel: NUMA: Node 0 [mem 0x00000000-0x7fffffff] + [mem 0x100000000-0x17fffffff] -> [mem 0x00000000-0x17fffffff]
Nov 16 2020 16:46:45 dbhost1 kernel: NX (Execute Disable) protection: active
Nov 16 2020 16:46:45 dbhost1 kernel: NetLabel:  domain hash size = 128
Nov 16 2020 16:46:45 dbhost1 kernel: NetLabel:  protocols = UNLABELED CIPSOv4
Nov 16 2020 16:46:45 dbhost1 kernel: NetLabel:  unlabeled traffic allowed by default
Nov 16 2020 16:46:45 dbhost1 kernel: NetLabel: Initializing
Nov 16 2020 16:46:45 dbhost1 kernel: No AGP bridge found
Nov 16 2020 16:46:45 dbhost1 kernel: No AGP bridge found
Nov 16 2020 16:46:45 dbhost1 kernel: Node 0: aperture @ 51be000000 size 32 MB
Nov 16 2020 16:46:45 dbhost1 kernel: Non-volatile memory driver v1.3
Nov 16 2020 16:46:45 dbhost1 kernel: PCI host bridge to bus 0000:00
Nov 16 2020 16:46:45 dbhost1 kernel: PCI host bridge to bus 0000:80
Nov 16 2020 16:46:45 dbhost1 kernel: PCI-DMA: Disabling AGP.
Nov 16 2020 16:46:45 dbhost1 kernel: PCI-DMA: Reserving 64MB of IOMMU area in the AGP aperture
Nov 16 2020 16:46:45 dbhost1 kernel: PCI-DMA: aperture base @ 74000000 size 65536 KB
Nov 16 2020 16:46:45 dbhost1 kernel: PCI-DMA: using GART IOMMU.
Nov 16 2020 16:46:45 dbhost1 kernel: PCI: MMCONFIG at [mem 0xe0000000-0xefffffff] reserved in E820
Nov 16 2020 16:46:45 dbhost1 kernel: PCI: MMCONFIG for domain 0000 [bus 00-ff] at [mem 0xe0000000-0xefffffff] (base 0xe0000000)
Nov 16 2020 16:46:45 dbhost1 kernel: PCI: Using ACPI for IRQ routing
Nov 16 2020 16:46:45 dbhost1 kernel: PCI: Using configuration type 1 for base access
Nov 16 2020 16:46:45 dbhost1 kernel: PCI: Using host bridge windows from ACPI; if necessary, use "pci=nocrs" and report a bug
Nov 16 2020 16:46:45 dbhost1 kernel: PERCPU: Embedded 27 pages/cpu @ffff88017bc00000 s81472 r8192 d20928 u524288
Nov 16 2020 16:46:45 dbhost1 kernel: PID hash table entries: 4096 (order: 3, 32768 bytes)
Nov 16 2020 16:46:45 dbhost1 kernel: PM: Registered nosave memory: 0000000000099000 - 000000000009a000
Nov 16 2020 16:46:45 dbhost1 kernel: PM: Registered nosave memory: 000000000009a000 - 00000000000a0000
Nov 16 2020 16:46:45 dbhost1 kernel: PM: Registered nosave memory: 00000000000a0000 - 00000000000e0000
Nov 16 2020 16:46:45 dbhost1 kernel: PM: Registered nosave memory: 00000000000e0000 - 0000000000100000
Nov 16 2020 16:46:45 dbhost1 kernel: PM: Registered nosave memory: 0000000074000000 - 0000000078000000
Nov 16 2020 16:46:45 dbhost1 kernel: PM: Registered nosave memory: 000000007fff0000 - 000000007fffe000
Nov 16 2020 16:46:45 dbhost1 kernel: PM: Registered nosave memory: 000000007fffe000 - 0000000080000000
Nov 16 2020 16:46:45 dbhost1 kernel: PM: Registered nosave memory: 0000000080000000 - 00000000e0000000
Nov 16 2020 16:46:45 dbhost1 kernel: PM: Registered nosave memory: 00000000e0000000 - 00000000f0000000
Nov 16 2020 16:46:45 dbhost1 kernel: PM: Registered nosave memory: 00000000f0000000 - 00000000fec00000
Nov 16 2020 16:46:45 dbhost1 kernel: PM: Registered nosave memory: 00000000fec00000 - 00000000fec01000
Nov 16 2020 16:46:45 dbhost1 kernel: PM: Registered nosave memory: 00000000fec01000 - 00000000fee00000
Nov 16 2020 16:46:45 dbhost1 kernel: PM: Registered nosave memory: 00000000fee00000 - 00000000fef00000
Nov 16 2020 16:46:45 dbhost1 kernel: PM: Registered nosave memory: 00000000fef00000 - 00000000ff700000
Nov 16 2020 16:46:45 dbhost1 kernel: PM: Registered nosave memory: 00000000ff700000 - 0000000100000000
Nov 16 2020 16:46:45 dbhost1 kernel: PM: Registering ACPI NVS region [mem 0x7fffe000-0x7fffffff] (8192 bytes)
Nov 16 2020 16:46:45 dbhost1 kernel: Performance Events: AMD PMU driver.
Nov 16 2020 16:46:45 dbhost1 kernel: Please enable the IOMMU option in the BIOS setup
Nov 16 2020 16:46:45 dbhost1 kernel: Policy zone: Normal
Nov 16 2020 16:46:45 dbhost1 kernel: RAMDISK: [mem 0x36985000-0x37feffff]
Nov 16 2020 16:46:45 dbhost1 kernel: Reserving 257MB of memory at 608MB for crashkernel (System RAM: 16383MB)
Nov 16 2020 16:46:45 dbhost1 kernel: SCSI subsystem initialized
Nov 16 2020 16:46:45 dbhost1 kernel: SELinux:  Disabled at runtime.
Nov 16 2020 16:46:45 dbhost1 kernel: SELinux:  Initializing.
Nov 16 2020 16:46:45 dbhost1 kernel: SMBIOS 2.5 present.
Nov 16 2020 16:46:45 dbhost1 kernel: SRAT: Node 0 PXM 0 [mem 0x00000000-0x0009ffff]
Nov 16 2020 16:46:45 dbhost1 kernel: SRAT: Node 0 PXM 0 [mem 0x00100000-0x7fffffff]
Nov 16 2020 16:46:45 dbhost1 kernel: SRAT: Node 0 PXM 0 [mem 0x100000000-0x17fffffff]
Nov 16 2020 16:46:45 dbhost1 kernel: SRAT: Node 1 PXM 1 [mem 0x180000000-0x27fffffff]
Nov 16 2020 16:46:45 dbhost1 kernel: SRAT: Node 2 PXM 2 [mem 0x280000000-0x37fffffff]
Nov 16 2020 16:46:45 dbhost1 kernel: SRAT: Node 3 PXM 3 [mem 0x380000000-0x47fffffff]
Nov 16 2020 16:46:45 dbhost1 kernel: SRAT: PXM 0 -> APIC 0x00 -> Node 0
Nov 16 2020 16:46:45 dbhost1 kernel: SRAT: PXM 0 -> APIC 0x01 -> Node 0
Nov 16 2020 16:46:45 dbhost1 kernel: SRAT: PXM 1 -> APIC 0x02 -> Node 1
Nov 16 2020 16:46:45 dbhost1 kernel: SRAT: PXM 1 -> APIC 0x03 -> Node 1
Nov 16 2020 16:46:45 dbhost1 kernel: SRAT: PXM 2 -> APIC 0x04 -> Node 2
Nov 16 2020 16:46:45 dbhost1 kernel: SRAT: PXM 2 -> APIC 0x05 -> Node 2
Nov 16 2020 16:46:45 dbhost1 kernel: SRAT: PXM 3 -> APIC 0x06 -> Node 3
Nov 16 2020 16:46:45 dbhost1 kernel: SRAT: PXM 3 -> APIC 0x07 -> Node 3
Nov 16 2020 16:46:45 dbhost1 kernel: Security Framework initialized
Nov 16 2020 16:46:45 dbhost1 kernel: Serial: 8250/16550 driver, 4 ports, IRQ sharing enabled
Nov 16 2020 16:46:45 dbhost1 kernel: Switched APIC routing to physical flat.
Nov 16 2020 16:46:45 dbhost1 kernel: Switching to clocksource hpet
Nov 16 2020 16:46:45 dbhost1 kernel: TCP bind hash table entries: 65536 (order: 8, 1048576 bytes)
Nov 16 2020 16:46:45 dbhost1 kernel: TCP established hash table entries: 131072 (order: 9, 2097152 bytes)
Nov 16 2020 16:46:45 dbhost1 kernel: TCP: Hash tables configured (established 131072 bind 65536)
Nov 16 2020 16:46:45 dbhost1 kernel: TCP: cubic registered
Nov 16 2020 16:46:45 dbhost1 kernel: TCP: reno registered
Nov 16 2020 16:46:45 dbhost1 kernel: TOM2: 0000000480000000 aka 18432M
Nov 16 2020 16:46:45 dbhost1 kernel: TOM: 0000000080000000 aka 2048M
Nov 16 2020 16:46:45 dbhost1 kernel: This costs you 64 MB of RAM
Nov 16 2020 16:46:45 dbhost1 kernel: Trying to unpack rootfs image as initramfs...
Nov 16 2020 16:46:45 dbhost1 kernel: UDP hash table entries: 8192 (order: 6, 262144 bytes)
Nov 16 2020 16:46:45 dbhost1 kernel: UDP-Lite hash table entries: 8192 (order: 6, 262144 bytes)
Nov 16 2020 16:46:45 dbhost1 kernel: USB Mass Storage support registered.
Nov 16 2020 16:46:45 dbhost1 kernel: Using ACPI (MADT) for SMP configuration information
Nov 16 2020 16:46:45 dbhost1 kernel: VFS: Disk quotas dquot_6.5.2
Nov 16 2020 16:46:45 dbhost1 kernel: WARNING! power/level is deprecated; use power/control instead
Nov 16 2020 16:46:45 dbhost1 kernel: Your BIOS doesn't leave a aperture memory hole
Nov 16 2020 16:46:45 dbhost1 kernel: Zone ranges:
Nov 16 2020 16:46:45 dbhost1 kernel: __ex_table already sorted, skipping sort
Nov 16 2020 16:46:45 dbhost1 kernel: acpiphp: ACPI Hot Plug PCI Controller Driver version: 0.5
Nov 16 2020 16:46:45 dbhost1 kernel: alg: No test for stdrng (krng)
Nov 16 2020 16:46:45 dbhost1 kernel: allocated 67108864 bytes of page_cgroup
Nov 16 2020 16:46:45 dbhost1 kernel: ata10: SATA link down (SStatus 0 SControl 300)
Nov 16 2020 16:46:45 dbhost1 kernel: ata10: SATA max UDMA/133 cmd 0x7400 ctl 0x7080 bmdma 0x7008 irq 46
Nov 16 2020 16:46:45 dbhost1 kernel: ata11: SATA link down (SStatus 0 SControl 300)
Nov 16 2020 16:46:45 dbhost1 kernel: ata11: SATA max UDMA/133 cmd 0x6c00 ctl 0x6880 bmdma 0x6400 irq 45
Nov 16 2020 16:46:45 dbhost1 kernel: ata12: SATA link down (SStatus 0 SControl 300)
Nov 16 2020 16:46:45 dbhost1 kernel: ata12: SATA max UDMA/133 cmd 0x6800 ctl 0x6480 bmdma 0x6408 irq 45
Nov 16 2020 16:46:45 dbhost1 kernel: ata1: SATA link down (SStatus 0 SControl 300)
Nov 16 2020 16:46:45 dbhost1 kernel: ata1: SATA max UDMA/133 cmd 0xb480 ctl 0xb400 bmdma 0xac00 irq 21
Nov 16 2020 16:46:45 dbhost1 kernel: ata2: SATA link down (SStatus 0 SControl 300)
Nov 16 2020 16:46:45 dbhost1 kernel: ata2: SATA max UDMA/133 cmd 0xb080 ctl 0xb000 bmdma 0xac08 irq 21
Nov 16 2020 16:46:45 dbhost1 kernel: ata3: SATA link down (SStatus 0 SControl 300)
Nov 16 2020 16:46:45 dbhost1 kernel: ata3: SATA max UDMA/133 cmd 0xa880 ctl 0xa800 bmdma 0xa080 irq 20
Nov 16 2020 16:46:45 dbhost1 kernel: ata4: SATA link down (SStatus 0 SControl 300)
Nov 16 2020 16:46:45 dbhost1 kernel: ata4: SATA max UDMA/133 cmd 0xa480 ctl 0xa400 bmdma 0xa088 irq 20
Nov 16 2020 16:46:45 dbhost1 kernel: ata5: SATA link down (SStatus 0 SControl 300)
Nov 16 2020 16:46:45 dbhost1 kernel: ata5: SATA max UDMA/133 cmd 0xa000 ctl 0x9c00 bmdma 0x9480 irq 23
Nov 16 2020 16:46:45 dbhost1 kernel: ata6: SATA link down (SStatus 0 SControl 300)
Nov 16 2020 16:46:45 dbhost1 kernel: ata6: SATA max UDMA/133 cmd 0x9880 ctl 0x9800 bmdma 0x9488 irq 23
Nov 16 2020 16:46:45 dbhost1 kernel: ata7: SATA link down (SStatus 0 SControl 300)
Nov 16 2020 16:46:45 dbhost1 kernel: ata7: SATA max UDMA/133 cmd 0x8400 ctl 0x8080 bmdma 0x7880 irq 47
Nov 16 2020 16:46:45 dbhost1 kernel: ata8: SATA link down (SStatus 0 SControl 300)
Nov 16 2020 16:46:45 dbhost1 kernel: ata8: SATA max UDMA/133 cmd 0x8000 ctl 0x7c00 bmdma 0x7888 irq 47
Nov 16 2020 16:46:45 dbhost1 kernel: ata9: SATA link down (SStatus 0 SControl 300)
Nov 16 2020 16:46:45 dbhost1 kernel: ata9: SATA max UDMA/133 cmd 0x7800 ctl 0x7480 bmdma 0x7000 irq 46
Nov 16 2020 16:46:45 dbhost1 kernel: audit: initializing netlink socket (disabled)
Nov 16 2020 16:46:45 dbhost1 kernel: bio: create slab <bio-0> at 0
Nov 16 2020 16:46:45 dbhost1 kernel: bio: create slab <bio-1> at 1
Nov 16 2020 16:46:45 dbhost1 kernel: bounce pool size: 64 pages
Nov 16 2020 16:46:45 dbhost1 kernel: brd: module loaded
Nov 16 2020 16:46:45 dbhost1 kernel: cdrom: Uniform CD-ROM driver Revision: 3.20
Nov 16 2020 16:46:45 dbhost1 kernel: console [tty0] enabled
Nov 16 2020 16:46:45 dbhost1 kernel: cpuidle: using governor ladder
Nov 16 2020 16:46:45 dbhost1 kernel: cpuidle: using governor menu
Nov 16 2020 16:46:45 dbhost1 kernel: device-mapper: ioctl: 4.23.1-ioctl (2012-12-18) initialised: dm-devel@redhat.com
Nov 16 2020 16:46:45 dbhost1 kernel: device-mapper: uevent: version 1.0.3
Nov 16 2020 16:46:45 dbhost1 kernel: devtmpfs: initialized
Nov 16 2020 16:46:45 dbhost1 kernel: drop_monitor: Initializing network drop monitor service
Nov 16 2020 16:46:45 dbhost1 kernel: e820: BIOS-provided physical RAM map:
Nov 16 2020 16:46:45 dbhost1 kernel: e820: [mem 0x80000000-0xdfffffff] available for PCI devices
Nov 16 2020 16:46:45 dbhost1 kernel: e820: last_pfn = 0x480000 max_arch_pfn = 0x400000000
Nov 16 2020 16:46:45 dbhost1 kernel: e820: last_pfn = 0x7fff0 max_arch_pfn = 0x400000000
Nov 16 2020 16:46:45 dbhost1 kernel: ehci-pci 0000:00:02.1: EHCI Host Controller
Nov 16 2020 16:46:45 dbhost1 kernel: ehci-pci 0000:00:02.1: USB 2.0 started, EHCI 1.00
Nov 16 2020 16:46:45 dbhost1 kernel: ehci-pci 0000:00:02.1: debug port 1
Nov 16 2020 16:46:45 dbhost1 kernel: ehci-pci 0000:00:02.1: irq 22, io mem 0xdefbec00
Nov 16 2020 16:46:45 dbhost1 kernel: ehci-pci 0000:00:02.1: new USB bus registered, assigned bus number 1
Nov 16 2020 16:46:45 dbhost1 kernel: ehci-pci: EHCI PCI platform driver
Nov 16 2020 16:46:45 dbhost1 kernel: ehci_hcd: USB 2.0 'Enhanced' Host Controller (EHCI) Driver
Nov 16 2020 16:46:45 dbhost1 kernel: forcedeth 0000:00:08.0 eth0: MSI enabled
Nov 16 2020 16:46:45 dbhost1 kernel: forcedeth 0000:00:08.0: highdma csum vlan pwrctl mgmt gbit lnktim msi desc-v3
Nov 16 2020 16:46:45 dbhost1 kernel: forcedeth 0000:00:08.0: ifname eth0, PHY OUI 0x5043 @ 2, addr 00:14:4f:8d:54:7e
Nov 16 2020 16:46:45 dbhost1 kernel: forcedeth 0000:00:09.0: highdma csum vlan pwrctl mgmt gbit lnktim msi desc-v3
Nov 16 2020 16:46:45 dbhost1 kernel: forcedeth 0000:00:09.0: ifname eth1, PHY OUI 0x5043 @ 3, addr 00:14:4f:8d:54:7f
Nov 16 2020 16:46:45 dbhost1 kernel: forcedeth 0000:80:08.0: highdma csum vlan pwrctl mgmt gbit lnktim msi desc-v3
Nov 16 2020 16:46:45 dbhost1 kernel: forcedeth 0000:80:08.0: ifname eth2, PHY OUI 0x5043 @ 2, addr 00:14:4f:8d:54:80
Nov 16 2020 16:46:45 dbhost1 kernel: forcedeth 0000:80:09.0: highdma csum vlan pwrctl mgmt gbit lnktim msi desc-v3
Nov 16 2020 16:46:45 dbhost1 kernel: forcedeth 0000:80:09.0: ifname eth3, PHY OUI 0x5043 @ 3, addr 00:14:4f:8d:54:81
Nov 16 2020 16:46:45 dbhost1 kernel: forcedeth: Reverse Engineered nForce ethernet driver. Version 0.64.
Nov 16 2020 16:46:45 dbhost1 kernel: found SMP MP-table at [mem 0x000ff780-0x000ff78f] mapped at [ffff8800000ff780]
Nov 16 2020 16:46:45 dbhost1 kernel: ftrace: allocating 23464 entries in 92 pages
Nov 16 2020 16:46:45 dbhost1 kernel: hid-generic 0003:0461:4D22.0003: input,hidraw2: USB HID v1.11 Mouse [USB Optical Mouse] on usb-0000:00:02.1-6.1/input0
Nov 16 2020 16:46:45 dbhost1 kernel: hid-generic 0003:046B:FF10.0001: input,hidraw0: USB HID v1.10 Keyboard [American Megatrends Inc. Virtual Keyboard and Mouse] on usb-0000:00:02.0-5/input0
Nov 16 2020 16:46:45 dbhost1 kernel: hid-generic 0003:046B:FF10.0002: input,hidraw1: USB HID v1.10 Mouse [American Megatrends Inc. Virtual Keyboard and Mouse] on usb-0000:00:02.0-5/input1
Nov 16 2020 16:46:45 dbhost1 kernel: hid-generic 0003:413C:2107.0004: input,hidraw3: USB HID v1.10 Keyboard [DELL Dell USB Entry Keyboard] on usb-0000:00:02.1-6.2/input0
Nov 16 2020 16:46:45 dbhost1 kernel: hpet0: 3 comparators, 32-bit 25.000000 MHz counter
Nov 16 2020 16:46:45 dbhost1 kernel: hpet0: at MMIO 0xfed00000, IRQs 2, 8, 31
Nov 16 2020 16:46:45 dbhost1 kernel: hub 1-0:1.0: 10 ports detected
Nov 16 2020 16:46:45 dbhost1 kernel: hub 1-0:1.0: USB hub found
Nov 16 2020 16:46:45 dbhost1 kernel: hub 1-6:1.0: 4 ports detected
Nov 16 2020 16:46:45 dbhost1 kernel: hub 1-6:1.0: USB hub found
Nov 16 2020 16:46:45 dbhost1 kernel: hub 2-0:1.0: 10 ports detected
Nov 16 2020 16:46:45 dbhost1 kernel: hub 2-0:1.0: USB hub found
Nov 16 2020 16:46:45 dbhost1 kernel: i2c i2c-0: nForce2 SMBus adapter at 0x480
Nov 16 2020 16:46:45 dbhost1 kernel: i2c i2c-1: nForce2 SMBus adapter at 0x840
Nov 16 2020 16:46:45 dbhost1 kernel: i2c i2c-2: nForce2 SMBus adapter at 0x8800
Nov 16 2020 16:46:45 dbhost1 kernel: i2c i2c-3: nForce2 SMBus adapter at 0x8480
Nov 16 2020 16:46:45 dbhost1 kernel: i8042: No controller found
Nov 16 2020 16:46:45 dbhost1 kernel: i8042: PNP: No PS/2 controller found. Probing ports directly.
Nov 16 2020 16:46:45 dbhost1 kernel: imklog 5.8.10, log source = /proc/kmsg started.
Nov 16 2020 16:46:45 dbhost1 kernel: init_memory_mapping: [mem 0x00000000-0x000fffff]
Nov 16 2020 16:46:45 dbhost1 kernel: init_memory_mapping: [mem 0x00100000-0x7ffeffff]
Nov 16 2020 16:46:45 dbhost1 kernel: init_memory_mapping: [mem 0x100000000-0x3ffffffff]
Nov 16 2020 16:46:45 dbhost1 kernel: init_memory_mapping: [mem 0x400000000-0x47bffffff]
Nov 16 2020 16:46:45 dbhost1 kernel: init_memory_mapping: [mem 0x47c000000-0x47fdfffff]
Nov 16 2020 16:46:45 dbhost1 kernel: init_memory_mapping: [mem 0x47fe00000-0x47fffffff]
Nov 16 2020 16:46:45 dbhost1 kernel: input: American Megatrends Inc. Virtual Keyboard and Mouse as /devices/pci0000:00/0000:00:02.0/usb2/2-5/2-5:1.0/input/input2
Nov 16 2020 16:46:45 dbhost1 kernel: input: American Megatrends Inc. Virtual Keyboard and Mouse as /devices/pci0000:00/0000:00:02.0/usb2/2-5/2-5:1.1/input/input3
Nov 16 2020 16:46:45 dbhost1 kernel: input: DELL Dell USB Entry Keyboard as /devices/pci0000:00/0000:00:02.1/usb1/1-6/1-6.2/1-6.2:1.0/input/input5
Nov 16 2020 16:46:45 dbhost1 kernel: input: PC Speaker as /devices/platform/pcspkr/input/input6
Nov 16 2020 16:46:45 dbhost1 kernel: input: Power Button as /devices/LNXSYSTM:00/LNXPWRBN:00/input/input1
Nov 16 2020 16:46:45 dbhost1 kernel: input: Power Button as /devices/LNXSYSTM:00/LNXSYBUS:00/PNP0C0C:00/input/input0
Nov 16 2020 16:46:45 dbhost1 kernel: input: USB Optical Mouse as /devices/pci0000:00/0000:00:02.1/usb1/1-6/1-6.1/1-6.1:1.0/input/input4
Nov 16 2020 16:46:45 dbhost1 kernel: io scheduler cfq registered
Nov 16 2020 16:46:45 dbhost1 kernel: io scheduler deadline registered (default)
Nov 16 2020 16:46:45 dbhost1 kernel: io scheduler noop registered
Nov 16 2020 16:46:45 dbhost1 kernel: k8temp 0000:00:18.3: Temperature readouts might be wrong - check erratum #141
Nov 16 2020 16:46:45 dbhost1 kernel: k8temp 0000:00:19.3: Temperature readouts might be wrong - check erratum #141
Nov 16 2020 16:46:45 dbhost1 kernel: k8temp 0000:00:1a.3: Temperature readouts might be wrong - check erratum #141
Nov 16 2020 16:46:45 dbhost1 kernel: k8temp 0000:00:1b.3: Temperature readouts might be wrong - check erratum #141
Nov 16 2020 16:46:45 dbhost1 kernel: kvm: Nested Virtualization enabled
Nov 16 2020 16:46:45 dbhost1 kernel: libphy: Fixed MDIO Bus: probed
Nov 16 2020 16:46:45 dbhost1 kernel: loop: module loaded
Nov 16 2020 16:46:45 dbhost1 kernel: mce: CPU supports 5 MCE banks
Nov 16 2020 16:46:45 dbhost1 kernel: microcode: AMD CPU family 0xf not supported
Nov 16 2020 16:46:45 dbhost1 kernel: microcode: AMD CPU family 0xf not supported
Nov 16 2020 16:46:45 dbhost1 kernel: microcode: AMD CPU family 0xf not supported
Nov 16 2020 16:46:45 dbhost1 kernel: microcode: AMD CPU family 0xf not supported
Nov 16 2020 16:46:45 dbhost1 kernel: microcode: AMD CPU family 0xf not supported
Nov 16 2020 16:46:45 dbhost1 kernel: microcode: AMD CPU family 0xf not supported
Nov 16 2020 16:46:45 dbhost1 kernel: microcode: AMD CPU family 0xf not supported
Nov 16 2020 16:46:45 dbhost1 kernel: microcode: AMD CPU family 0xf not supported
Nov 16 2020 16:46:45 dbhost1 kernel: microcode: AMD CPU family 0xf not supported
Nov 16 2020 16:46:45 dbhost1 kernel: microcode: AMD CPU family 0xf not supported
Nov 16 2020 16:46:45 dbhost1 kernel: mousedev: PS/2 mouse device common for all mice
Nov 16 2020 16:46:45 dbhost1 kernel: msgmni has been set to 31578
Nov 16 2020 16:46:45 dbhost1 kernel: ohci_hcd 0000:00:02.0: OHCI Host Controller
Nov 16 2020 16:46:45 dbhost1 kernel: ohci_hcd 0000:00:02.0: irq 23, io mem 0xdefbf000
Nov 16 2020 16:46:45 dbhost1 kernel: ohci_hcd 0000:00:02.0: new USB bus registered, assigned bus number 2
Nov 16 2020 16:46:45 dbhost1 kernel: ohci_hcd: USB 1.1 'Open' Host Controller (OHCI) Driver
Nov 16 2020 16:46:45 dbhost1 kernel: pci 0000:00:00.0: Found enabled HT MSI Mapping
Nov 16 2020 16:46:45 dbhost1 kernel: pci 0000:00:00.0: Found enabled HT MSI Mapping
Nov 16 2020 16:46:45 dbhost1 kernel: pci 0000:00:00.0: Found enabled HT MSI Mapping
Nov 16 2020 16:46:45 dbhost1 kernel: pci 0000:00:00.0: Found enabled HT MSI Mapping
Nov 16 2020 16:46:45 dbhost1 kernel: pci 0000:00:00.0: Found enabled HT MSI Mapping
Nov 16 2020 16:46:45 dbhost1 kernel: pci 0000:00:00.0: Found enabled HT MSI Mapping
Nov 16 2020 16:46:45 dbhost1 kernel: pci 0000:00:00.0: Found enabled HT MSI Mapping
Nov 16 2020 16:46:45 dbhost1 kernel: pci 0000:00:00.0: Found enabled HT MSI Mapping
Nov 16 2020 16:46:45 dbhost1 kernel: pci 0000:00:00.0: Found enabled HT MSI Mapping
Nov 16 2020 16:46:45 dbhost1 kernel: pci 0000:00:01.0: BAR 0: assigned [io  0x0400-0x047f]
Nov 16 2020 16:46:45 dbhost1 kernel: pci 0000:00:01.0: no compatible bridge window for [io  0xef00-0xef7f]
Nov 16 2020 16:46:45 dbhost1 kernel: pci 0000:00:01.1: BAR 4: assigned [io  0x0480-0x04bf]
Nov 16 2020 16:46:45 dbhost1 kernel: pci 0000:00:01.1: BAR 5: assigned [io  0x0840-0x087f]
Nov 16 2020 16:46:45 dbhost1 kernel: pci 0000:00:01.1: no compatible bridge window for [io  0xed00-0xed3f]
Nov 16 2020 16:46:45 dbhost1 kernel: pci 0000:00:01.1: no compatible bridge window for [io  0xee00-0xee3f]
Nov 16 2020 16:46:45 dbhost1 kernel: pci 0000:00:06.0:   bridge window [io  0xc000-0xcfff]
Nov 16 2020 16:46:45 dbhost1 kernel: pci 0000:00:06.0:   bridge window [mem 0xdf000000-0xdfcfffff]
Nov 16 2020 16:46:45 dbhost1 kernel: pci 0000:00:06.0: PCI bridge to [bus 01]
Nov 16 2020 16:46:45 dbhost1 kernel: pci 0000:00:06.0: PCI bridge to [bus 01] (subtractive decode)
Nov 16 2020 16:46:45 dbhost1 kernel: pci 0000:00:0a.0: PCI bridge to [bus 02]
Nov 16 2020 16:46:45 dbhost1 kernel: pci 0000:00:0a.0: PCI bridge to [bus 02]
Nov 16 2020 16:46:45 dbhost1 kernel: pci 0000:00:0e.0: PCI bridge to [bus 03]
Nov 16 2020 16:46:45 dbhost1 kernel: pci 0000:00:0e.0: PCI bridge to [bus 03]
Nov 16 2020 16:46:45 dbhost1 kernel: pci 0000:00:0f.0:   bridge window [mem 0xdfd00000-0xdfffffff]
Nov 16 2020 16:46:45 dbhost1 kernel: pci 0000:00:0f.0: PCI bridge to [bus 04]
Nov 16 2020 16:46:45 dbhost1 kernel: pci 0000:00:0f.0: PCI bridge to [bus 04]
Nov 16 2020 16:46:45 dbhost1 kernel: pci 0000:04:00.0: Signaling PME through PCIe PME interrupt
Nov 16 2020 16:46:45 dbhost1 kernel: pci 0000:80:00.0: Found enabled HT MSI Mapping
Nov 16 2020 16:46:45 dbhost1 kernel: pci 0000:80:00.0: Found enabled HT MSI Mapping
Nov 16 2020 16:46:45 dbhost1 kernel: pci 0000:80:00.0: Found enabled HT MSI Mapping
Nov 16 2020 16:46:45 dbhost1 kernel: pci 0000:80:00.0: Found enabled HT MSI Mapping
Nov 16 2020 16:46:45 dbhost1 kernel: pci 0000:80:00.0: Found enabled HT MSI Mapping
Nov 16 2020 16:46:45 dbhost1 kernel: pci 0000:80:00.0: Found enabled HT MSI Mapping
Nov 16 2020 16:46:45 dbhost1 kernel: pci 0000:80:00.0: Found enabled HT MSI Mapping
Nov 16 2020 16:46:45 dbhost1 kernel: pci 0000:80:00.0: Found enabled HT MSI Mapping
Nov 16 2020 16:46:45 dbhost1 kernel: pci 0000:80:01.0: BAR 0: assigned [io  0x6c80-0x6cff]
Nov 16 2020 16:46:45 dbhost1 kernel: pci 0000:80:01.0: no compatible bridge window for [io  0xfc00-0xfc7f]
Nov 16 2020 16:46:45 dbhost1 kernel: pci 0000:80:0b.0: PCI bridge to [bus 81]
Nov 16 2020 16:46:45 dbhost1 kernel: pci 0000:80:0b.0: PCI bridge to [bus 81]
Nov 16 2020 16:46:45 dbhost1 kernel: pci 0000:80:0e.0: PCI bridge to [bus 82]
Nov 16 2020 16:46:45 dbhost1 kernel: pci 0000:80:0e.0: PCI bridge to [bus 82]
Nov 16 2020 16:46:45 dbhost1 kernel: pci 0000:80:0f.0: PCI bridge to [bus 83]
Nov 16 2020 16:46:45 dbhost1 kernel: pci 0000:80:0f.0: PCI bridge to [bus 83]
Nov 16 2020 16:46:45 dbhost1 kernel: pci0000:00: ACPI _OSC control (0x1d) granted
Nov 16 2020 16:46:45 dbhost1 kernel: pci0000:00: Requesting ACPI _OSC control (0x1d)
Nov 16 2020 16:46:45 dbhost1 kernel: pci0000:80: ACPI _OSC control (0x1d) granted
Nov 16 2020 16:46:45 dbhost1 kernel: pci0000:80: Requesting ACPI _OSC control (0x1d)
Nov 16 2020 16:46:45 dbhost1 kernel: pci_bus 0000:00: root bus resource [bus 00-04]
Nov 16 2020 16:46:45 dbhost1 kernel: pci_bus 0000:00: root bus resource [io  0x0000-0x03af]
Nov 16 2020 16:46:45 dbhost1 kernel: pci_bus 0000:00: root bus resource [io  0x03b0-0x03bb]
Nov 16 2020 16:46:45 dbhost1 kernel: pci_bus 0000:00: root bus resource [io  0x03c0-0x03df]
Nov 16 2020 16:46:45 dbhost1 kernel: pci_bus 0000:00: root bus resource [io  0x03e0-0x0cf7]
Nov 16 2020 16:46:45 dbhost1 kernel: pci_bus 0000:00: root bus resource [io  0x0d00-0xcfff]
Nov 16 2020 16:46:45 dbhost1 kernel: pci_bus 0000:00: root bus resource [mem 0x000a0000-0x000bffff]
Nov 16 2020 16:46:45 dbhost1 kernel: pci_bus 0000:00: root bus resource [mem 0x000d0000-0x000dffff]
Nov 16 2020 16:46:45 dbhost1 kernel: pci_bus 0000:00: root bus resource [mem 0xde000000-0xdfffffff]
Nov 16 2020 16:46:45 dbhost1 kernel: pci_bus 0000:80: root bus resource [bus 80-83]
Nov 16 2020 16:46:45 dbhost1 kernel: pci_bus 0000:80: root bus resource [io  0x6000-0x8fff]
Nov 16 2020 16:46:45 dbhost1 kernel: pci_bus 0000:80: root bus resource [mem 0xdd000000-0xddffffff]
Nov 16 2020 16:46:45 dbhost1 kernel: pci_hotplug: PCI Hot Plug PCI Core version: 0.5
Nov 16 2020 16:46:45 dbhost1 kernel: pciehp: PCI Express Hot Plug Controller Driver version: 0.4
Nov 16 2020 16:46:45 dbhost1 kernel: pcieport 0000:00:0a.0: Signaling PME through PCIe PME interrupt
Nov 16 2020 16:46:45 dbhost1 kernel: pcieport 0000:00:0e.0: Signaling PME through PCIe PME interrupt
Nov 16 2020 16:46:45 dbhost1 kernel: pcieport 0000:00:0f.0: Signaling PME through PCIe PME interrupt
Nov 16 2020 16:46:45 dbhost1 kernel: pcieport 0000:80:0b.0: Signaling PME through PCIe PME interrupt
Nov 16 2020 16:46:45 dbhost1 kernel: pcieport 0000:80:0e.0: Signaling PME through PCIe PME interrupt
Nov 16 2020 16:46:45 dbhost1 kernel: pcieport 0000:80:0f.0: Signaling PME through PCIe PME interrupt
Nov 16 2020 16:46:45 dbhost1 kernel: pid_max: default: 32768 minimum: 301
Nov 16 2020 16:46:45 dbhost1 kernel: please try 'cgroup_disable=memory' option if you don't want memory cgroups
Nov 16 2020 16:46:45 dbhost1 kernel: pnp 00:04: disabling [io  0x0010-0x001f disabled] because it overlaps 0000:00:01.1 BAR 4 [io  0x0000-0x003f]
Nov 16 2020 16:46:45 dbhost1 kernel: pnp 00:04: disabling [io  0x0010-0x001f disabled] because it overlaps 0000:00:01.1 BAR 5 [io  0x0000-0x003f]
Nov 16 2020 16:46:45 dbhost1 kernel: pnp 00:04: disabling [io  0x0010-0x001f disabled] because it overlaps 0000:80:01.0 BAR 0 [io  0x0000-0x007f]
Nov 16 2020 16:46:45 dbhost1 kernel: pnp 00:04: disabling [io  0x0010-0x001f] because it overlaps 0000:00:01.0 BAR 0 [io  0x0000-0x007f]
Nov 16 2020 16:46:45 dbhost1 kernel: pnp 00:04: disabling [io  0x0022-0x003f disabled] because it overlaps 0000:00:01.1 BAR 4 [io  0x0000-0x003f]
Nov 16 2020 16:46:45 dbhost1 kernel: pnp 00:04: disabling [io  0x0022-0x003f disabled] because it overlaps 0000:00:01.1 BAR 5 [io  0x0000-0x003f]
Nov 16 2020 16:46:45 dbhost1 kernel: pnp 00:04: disabling [io  0x0022-0x003f disabled] because it overlaps 0000:80:01.0 BAR 0 [io  0x0000-0x007f]
Nov 16 2020 16:46:45 dbhost1 kernel: pnp 00:04: disabling [io  0x0022-0x003f] because it overlaps 0000:00:01.0 BAR 0 [io  0x0000-0x007f]
Nov 16 2020 16:46:45 dbhost1 kernel: pnp 00:04: disabling [io  0x0044-0x005f disabled] because it overlaps 0000:80:01.0 BAR 0 [io  0x0000-0x007f]
Nov 16 2020 16:46:45 dbhost1 kernel: pnp 00:04: disabling [io  0x0044-0x005f] because it overlaps 0000:00:01.0 BAR 0 [io  0x0000-0x007f]
Nov 16 2020 16:46:45 dbhost1 kernel: pnp 00:04: disabling [io  0x0062-0x0063 disabled] because it overlaps 0000:80:01.0 BAR 0 [io  0x0000-0x007f]
Nov 16 2020 16:46:45 dbhost1 kernel: pnp 00:04: disabling [io  0x0062-0x0063] because it overlaps 0000:00:01.0 BAR 0 [io  0x0000-0x007f]
Nov 16 2020 16:46:45 dbhost1 kernel: pnp 00:04: disabling [io  0x0065-0x006f disabled] because it overlaps 0000:80:01.0 BAR 0 [io  0x0000-0x007f]
Nov 16 2020 16:46:45 dbhost1 kernel: pnp 00:04: disabling [io  0x0065-0x006f] because it overlaps 0000:00:01.0 BAR 0 [io  0x0000-0x007f]
Nov 16 2020 16:46:45 dbhost1 kernel: pnp 00:04: disabling [io  0x0072-0x007f disabled] because it overlaps 0000:80:01.0 BAR 0 [io  0x0000-0x007f]
Nov 16 2020 16:46:45 dbhost1 kernel: pnp 00:04: disabling [io  0x0072-0x007f] because it overlaps 0000:00:01.0 BAR 0 [io  0x0000-0x007f]
Nov 16 2020 16:46:45 dbhost1 kernel: pnp 00:08: disabling [io  0x0060-0x0063 disabled] because it overlaps 0000:80:01.0 BAR 0 [io  0x0000-0x007f]
Nov 16 2020 16:46:45 dbhost1 kernel: pnp 00:08: disabling [io  0x0060-0x0063] because it overlaps 0000:00:01.0 BAR 0 [io  0x0000-0x007f]
Nov 16 2020 16:46:45 dbhost1 kernel: pnp 00:08: disabling [io  0x0064 disabled] because it overlaps 0000:80:01.0 BAR 0 [io  0x0000-0x007f]
Nov 16 2020 16:46:45 dbhost1 kernel: pnp 00:08: disabling [io  0x0064] because it overlaps 0000:00:01.0 BAR 0 [io  0x0000-0x007f]
Nov 16 2020 16:46:45 dbhost1 kernel: pnp: PnP ACPI init
Nov 16 2020 16:46:45 dbhost1 kernel: pnp: PnP ACPI: found 11 devices
Nov 16 2020 16:46:45 dbhost1 kernel: powernow-k8: Found 4 Dual-Core AMD Opteron(tm) Processor 8222 (8 cpu cores) (version 2.20.00)
Nov 16 2020 16:46:45 dbhost1 kernel: powernow-k8: fid 0x10 (2400 MHz), vid 0x10
Nov 16 2020 16:46:45 dbhost1 kernel: powernow-k8: fid 0x10 (2400 MHz), vid 0x10
Nov 16 2020 16:46:45 dbhost1 kernel: powernow-k8: fid 0x10 (2400 MHz), vid 0x10
Nov 16 2020 16:46:45 dbhost1 kernel: powernow-k8: fid 0x10 (2400 MHz), vid 0x10
Nov 16 2020 16:46:45 dbhost1 kernel: powernow-k8: fid 0x12 (2600 MHz), vid 0xe
Nov 16 2020 16:46:45 dbhost1 kernel: powernow-k8: fid 0x12 (2600 MHz), vid 0xe
Nov 16 2020 16:46:45 dbhost1 kernel: powernow-k8: fid 0x12 (2600 MHz), vid 0xe
Nov 16 2020 16:46:45 dbhost1 kernel: powernow-k8: fid 0x12 (2600 MHz), vid 0xe
Nov 16 2020 16:46:45 dbhost1 kernel: powernow-k8: fid 0x14 (2800 MHz), vid 0xc
Nov 16 2020 16:46:45 dbhost1 kernel: powernow-k8: fid 0x14 (2800 MHz), vid 0xc
Nov 16 2020 16:46:45 dbhost1 kernel: powernow-k8: fid 0x14 (2800 MHz), vid 0xc
Nov 16 2020 16:46:45 dbhost1 kernel: powernow-k8: fid 0x14 (2800 MHz), vid 0xc
Nov 16 2020 16:46:45 dbhost1 kernel: powernow-k8: fid 0x16 (3000 MHz), vid 0xa
Nov 16 2020 16:46:45 dbhost1 kernel: powernow-k8: fid 0x16 (3000 MHz), vid 0xa
Nov 16 2020 16:46:45 dbhost1 kernel: powernow-k8: fid 0x16 (3000 MHz), vid 0xa
Nov 16 2020 16:46:45 dbhost1 kernel: powernow-k8: fid 0x16 (3000 MHz), vid 0xa
Nov 16 2020 16:46:45 dbhost1 kernel: powernow-k8: fid 0x2 (1000 MHz), vid 0x12
Nov 16 2020 16:46:45 dbhost1 kernel: powernow-k8: fid 0x2 (1000 MHz), vid 0x12
Nov 16 2020 16:46:45 dbhost1 kernel: powernow-k8: fid 0x2 (1000 MHz), vid 0x12
Nov 16 2020 16:46:45 dbhost1 kernel: powernow-k8: fid 0x2 (1000 MHz), vid 0x12
Nov 16 2020 16:46:45 dbhost1 kernel: powernow-k8: fid 0xa (1800 MHz), vid 0x10
Nov 16 2020 16:46:45 dbhost1 kernel: powernow-k8: fid 0xa (1800 MHz), vid 0x10
Nov 16 2020 16:46:45 dbhost1 kernel: powernow-k8: fid 0xa (1800 MHz), vid 0x10
Nov 16 2020 16:46:45 dbhost1 kernel: powernow-k8: fid 0xa (1800 MHz), vid 0x10
Nov 16 2020 16:46:45 dbhost1 kernel: powernow-k8: fid 0xc (2000 MHz), vid 0x10
Nov 16 2020 16:46:45 dbhost1 kernel: powernow-k8: fid 0xc (2000 MHz), vid 0x10
Nov 16 2020 16:46:45 dbhost1 kernel: powernow-k8: fid 0xc (2000 MHz), vid 0x10
Nov 16 2020 16:46:45 dbhost1 kernel: powernow-k8: fid 0xc (2000 MHz), vid 0x10
Nov 16 2020 16:46:45 dbhost1 kernel: powernow-k8: fid 0xe (2200 MHz), vid 0x10
Nov 16 2020 16:46:45 dbhost1 kernel: powernow-k8: fid 0xe (2200 MHz), vid 0x10
Nov 16 2020 16:46:45 dbhost1 kernel: powernow-k8: fid 0xe (2200 MHz), vid 0x10
Nov 16 2020 16:46:45 dbhost1 kernel: powernow-k8: fid 0xe (2200 MHz), vid 0x10
Nov 16 2020 16:46:45 dbhost1 kernel: process: using AMD E400 aware idle routine
Nov 16 2020 16:46:45 dbhost1 kernel: registered taskstats version 1
Nov 16 2020 16:46:45 dbhost1 kernel: regulator-dummy: no parameters
Nov 16 2020 16:46:45 dbhost1 kernel: rtc0: alarms up to one year, y3k, 114 bytes nvram, hpet irqs
Nov 16 2020 16:46:45 dbhost1 kernel: rtc_cmos 00:01: RTC can wake from S4
Nov 16 2020 16:46:45 dbhost1 kernel: rtc_cmos 00:01: rtc core: registered rtc_cmos as rtc0
Nov 16 2020 16:46:45 dbhost1 kernel: rtc_cmos 00:01: setting system clock to 2017-08-09 23:46:27 UTC (1502322387)
Nov 16 2020 16:46:45 dbhost1 kernel: sata_nv 0000:00:05.0: Using SWNCQ mode
Nov 16 2020 16:46:45 dbhost1 kernel: sata_nv 0000:00:05.1: Using SWNCQ mode
Nov 16 2020 16:46:45 dbhost1 kernel: sata_nv 0000:00:05.2: Using SWNCQ mode
Nov 16 2020 16:46:45 dbhost1 kernel: sata_nv 0000:80:05.0: Using SWNCQ mode
Nov 16 2020 16:46:45 dbhost1 kernel: sata_nv 0000:80:05.1: Using SWNCQ mode
Nov 16 2020 16:46:45 dbhost1 kernel: sata_nv 0000:80:05.2: Using SWNCQ mode
Nov 16 2020 16:46:45 dbhost1 kernel: scsi 12:0:0:0: Direct-Access     Sun      vol0             V1.0 PQ: 0 ANSI: 2
Nov 16 2020 16:46:45 dbhost1 kernel: scsi 12:0:1:0: Direct-Access     Sun      vol1             V1.0 PQ: 0 ANSI: 2
Nov 16 2020 16:46:45 dbhost1 kernel: scsi 12:0:2:0: Direct-Access     Sun      vol2             V1.0 PQ: 0 ANSI: 2
Nov 16 2020 16:46:45 dbhost1 kernel: scsi 12:0:3:0: Direct-Access     Sun      vol3             V1.0 PQ: 0 ANSI: 2
Nov 16 2020 16:46:45 dbhost1 kernel: scsi 12:0:4:0: Direct-Access     Sun      vol4             V1.0 PQ: 0 ANSI: 2
Nov 16 2020 16:46:45 dbhost1 kernel: scsi 12:0:5:0: Direct-Access     Sun      vol5             V1.0 PQ: 0 ANSI: 2
Nov 16 2020 16:46:45 dbhost1 kernel: scsi 12:1:0:0: Attached scsi generic sg6 type 0
Nov 16 2020 16:46:45 dbhost1 kernel: scsi 12:1:0:0: Direct-Access     SEAGATE  ST914602SSUN146G 0603 PQ: 0 ANSI: 5
Nov 16 2020 16:46:45 dbhost1 kernel: scsi 12:1:1:0: Attached scsi generic sg7 type 0
Nov 16 2020 16:46:45 dbhost1 kernel: scsi 12:1:1:0: Direct-Access     SEAGATE  ST914602SSUN146G 0603 PQ: 0 ANSI: 5
Nov 16 2020 16:46:45 dbhost1 kernel: scsi 12:1:2:0: Attached scsi generic sg8 type 0
Nov 16 2020 16:46:45 dbhost1 kernel: scsi 12:1:2:0: Direct-Access     SEAGATE  ST914602SSUN146G 0603 PQ: 0 ANSI: 5
Nov 16 2020 16:46:45 dbhost1 kernel: scsi 12:1:3:0: Attached scsi generic sg9 type 0
Nov 16 2020 16:46:45 dbhost1 kernel: scsi 12:1:3:0: Direct-Access     SEAGATE  ST914602SSUN146G 0603 PQ: 0 ANSI: 5
Nov 16 2020 16:46:45 dbhost1 kernel: scsi 12:1:4:0: Attached scsi generic sg10 type 0
Nov 16 2020 16:46:45 dbhost1 kernel: scsi 12:1:4:0: Direct-Access     HITACHI  H101414SCSUN146G SA25 PQ: 0 ANSI: 5
Nov 16 2020 16:46:45 dbhost1 kernel: scsi 12:1:5:0: Attached scsi generic sg11 type 0
Nov 16 2020 16:46:45 dbhost1 kernel: scsi 12:1:5:0: Direct-Access     SEAGATE  ST914602SSUN146G 0603 PQ: 0 ANSI: 5
Nov 16 2020 16:46:45 dbhost1 kernel: scsi 12:1:6:0: Attached scsi generic sg12 type 0
Nov 16 2020 16:46:45 dbhost1 kernel: scsi 12:1:6:0: Direct-Access     SEAGATE  ST914602SSUN146G 0603 PQ: 0 ANSI: 5
Nov 16 2020 16:46:45 dbhost1 kernel: scsi 12:3:0:0: Attached scsi generic sg13 type 13
Nov 16 2020 16:46:45 dbhost1 kernel: scsi 12:3:0:0: Enclosure         ADAPTEC  Virtual SGPIO  0 0001 PQ: 0 ANSI: 5
Nov 16 2020 16:46:45 dbhost1 kernel: scsi 12:3:1:0: Attached scsi generic sg14 type 13
Nov 16 2020 16:46:45 dbhost1 kernel: scsi 12:3:1:0: Enclosure         ADAPTEC  Virtual SGPIO  1 0001 PQ: 0 ANSI: 5
Nov 16 2020 16:46:45 dbhost1 kernel: scsi 13:0:0:0: CD-ROM            TSSTcorp CD/DVDW TS-T632A SR03 PQ: 0 ANSI: 0
Nov 16 2020 16:46:45 dbhost1 kernel: scsi0 : sata_nv
Nov 16 2020 16:46:45 dbhost1 kernel: scsi1 : sata_nv
Nov 16 2020 16:46:45 dbhost1 kernel: scsi10 : sata_nv
Nov 16 2020 16:46:45 dbhost1 kernel: scsi11 : sata_nv
Nov 16 2020 16:46:45 dbhost1 kernel: scsi12 : aacraid
Nov 16 2020 16:46:45 dbhost1 kernel: scsi13 : usb-storage 1-1:1.0
Nov 16 2020 16:46:45 dbhost1 kernel: scsi2 : sata_nv
Nov 16 2020 16:46:45 dbhost1 kernel: scsi3 : sata_nv
Nov 16 2020 16:46:45 dbhost1 kernel: scsi4 : sata_nv
Nov 16 2020 16:46:45 dbhost1 kernel: scsi5 : sata_nv
Nov 16 2020 16:46:45 dbhost1 kernel: scsi6 : sata_nv
Nov 16 2020 16:46:45 dbhost1 kernel: scsi7 : sata_nv
Nov 16 2020 16:46:45 dbhost1 kernel: scsi8 : sata_nv
Nov 16 2020 16:46:45 dbhost1 kernel: scsi9 : sata_nv
Nov 16 2020 16:46:45 dbhost1 kernel: sd 12:0:0:0: Attached scsi generic sg0 type 0
Nov 16 2020 16:46:45 dbhost1 kernel: sd 12:0:0:0: [sda] 286494720 512-byte logical blocks: (146 GB/136 GiB)
Nov 16 2020 16:46:45 dbhost1 kernel: sd 12:0:0:0: [sda] Attached SCSI removable disk
Nov 16 2020 16:46:45 dbhost1 kernel: sd 12:0:0:0: [sda] Write Protect is off
Nov 16 2020 16:46:45 dbhost1 kernel: sd 12:0:0:0: [sda] Write cache: disabled, read cache: enabled, supports DPO and FUA
Nov 16 2020 16:46:45 dbhost1 kernel: sd 12:0:1:0: Attached scsi generic sg1 type 0
Nov 16 2020 16:46:45 dbhost1 kernel: sd 12:0:1:0: [sdb] 286494720 512-byte logical blocks: (146 GB/136 GiB)
Nov 16 2020 16:46:45 dbhost1 kernel: sd 12:0:1:0: [sdb] Attached SCSI removable disk
Nov 16 2020 16:46:45 dbhost1 kernel: sd 12:0:1:0: [sdb] Write Protect is off
Nov 16 2020 16:46:45 dbhost1 kernel: sd 12:0:1:0: [sdb] Write cache: disabled, read cache: enabled, supports DPO and FUA
Nov 16 2020 16:46:45 dbhost1 kernel: sd 12:0:2:0: Attached scsi generic sg2 type 0
Nov 16 2020 16:46:45 dbhost1 kernel: sd 12:0:2:0: [sdc] 286494720 512-byte logical blocks: (146 GB/136 GiB)
Nov 16 2020 16:46:45 dbhost1 kernel: sd 12:0:2:0: [sdc] Attached SCSI removable disk
Nov 16 2020 16:46:45 dbhost1 kernel: sd 12:0:2:0: [sdc] Write Protect is off
Nov 16 2020 16:46:45 dbhost1 kernel: sd 12:0:2:0: [sdc] Write cache: disabled, read cache: enabled, supports DPO and FUA
Nov 16 2020 16:46:45 dbhost1 kernel: sd 12:0:3:0: Attached scsi generic sg3 type 0
Nov 16 2020 16:46:45 dbhost1 kernel: sd 12:0:3:0: [sdd] 286494720 512-byte logical blocks: (146 GB/136 GiB)
Nov 16 2020 16:46:45 dbhost1 kernel: sd 12:0:3:0: [sdd] Attached SCSI removable disk
Nov 16 2020 16:46:45 dbhost1 kernel: sd 12:0:3:0: [sdd] Write Protect is off
Nov 16 2020 16:46:45 dbhost1 kernel: sd 12:0:3:0: [sdd] Write cache: disabled, read cache: enabled, supports DPO and FUA
Nov 16 2020 16:46:45 dbhost1 kernel: sd 12:0:4:0: Attached scsi generic sg4 type 0
Nov 16 2020 16:46:45 dbhost1 kernel: sd 12:0:4:0: [sde] 286494720 512-byte logical blocks: (146 GB/136 GiB)
Nov 16 2020 16:46:45 dbhost1 kernel: sd 12:0:4:0: [sde] Attached SCSI removable disk
Nov 16 2020 16:46:45 dbhost1 kernel: sd 12:0:4:0: [sde] Write Protect is off
Nov 16 2020 16:46:45 dbhost1 kernel: sd 12:0:4:0: [sde] Write cache: disabled, read cache: enabled, supports DPO and FUA
Nov 16 2020 16:46:45 dbhost1 kernel: sd 12:0:5:0: Attached scsi generic sg5 type 0
Nov 16 2020 16:46:45 dbhost1 kernel: sd 12:0:5:0: [sdf] 286494720 512-byte logical blocks: (146 GB/136 GiB)
Nov 16 2020 16:46:45 dbhost1 kernel: sd 12:0:5:0: [sdf] Attached SCSI removable disk
Nov 16 2020 16:46:45 dbhost1 kernel: sd 12:0:5:0: [sdf] Write Protect is off
Nov 16 2020 16:46:45 dbhost1 kernel: sd 12:0:5:0: [sdf] Write cache: disabled, read cache: enabled, supports DPO and FUA
Nov 16 2020 16:46:45 dbhost1 kernel: sda: sda1 sda2
Nov 16 2020 16:46:45 dbhost1 kernel: sdb: sdb1
Nov 16 2020 16:46:45 dbhost1 kernel: sdc: sdc1
Nov 16 2020 16:46:45 dbhost1 kernel: sdd: sdd1
Nov 16 2020 16:46:45 dbhost1 kernel: sde:
Nov 16 2020 16:46:45 dbhost1 kernel: sdf:
Nov 16 2020 16:46:45 dbhost1 kernel: ses 12:3:0:0: Attached Enclosure device
Nov 16 2020 16:46:45 dbhost1 kernel: ses 12:3:1:0: Attached Enclosure device
Nov 16 2020 16:46:45 dbhost1 kernel: setup_percpu: NR_CPUS:4096 nr_cpumask_bits:16 nr_cpu_ids:16 nr_node_ids:4
Nov 16 2020 16:46:45 dbhost1 kernel: smpboot: Allowing 16 CPUs, 8 hotplug CPUs
Nov 16 2020 16:46:45 dbhost1 kernel: smpboot: Booting Node   0, Processors  #1 OK
Nov 16 2020 16:46:45 dbhost1 kernel: smpboot: Booting Node   1, Processors  #2 #3 OK
Nov 16 2020 16:46:45 dbhost1 kernel: smpboot: Booting Node   2, Processors  #4 #5 OK
Nov 16 2020 16:46:45 dbhost1 kernel: smpboot: Booting Node   3, Processors  #6 #7
Nov 16 2020 16:46:45 dbhost1 kernel: smpboot: CPU0: Dual-Core AMD Opteron(tm) Processor 8222 (fam: 0f, model: 41, stepping: 03)
Nov 16 2020 16:46:45 dbhost1 kernel: smpboot: Total of 8 processors activated (47998.19 BogoMIPS)
Nov 16 2020 16:46:45 dbhost1 kernel: sr 13:0:0:0: Attached scsi generic sg15 type 5
Nov 16 2020 16:46:45 dbhost1 kernel: sr0: scsi3-mmc drive: 6x/24x writer dvd-ram cd/rw xa/form2 cdda tray
Nov 16 2020 16:46:45 dbhost1 kernel: system 00:04: [io  0x04d0-0x04d1] has been reserved
Nov 16 2020 16:46:45 dbhost1 kernel: system 00:04: [io  0x0800-0x080f] has been reserved
Nov 16 2020 16:46:45 dbhost1 kernel: system 00:04: [io  0xe000-0xe07f] has been reserved
Nov 16 2020 16:46:45 dbhost1 kernel: system 00:04: [io  0xe080-0xe0ff] has been reserved
Nov 16 2020 16:46:45 dbhost1 kernel: system 00:04: [io  0xe400-0xe47f] has been reserved
Nov 16 2020 16:46:45 dbhost1 kernel: system 00:04: [io  0xe480-0xe4ff] has been reserved
Nov 16 2020 16:46:45 dbhost1 kernel: system 00:04: [io  0xe800-0xe87f] has been reserved
Nov 16 2020 16:46:45 dbhost1 kernel: system 00:04: [io  0xe880-0xe8ff] has been reserved
Nov 16 2020 16:46:45 dbhost1 kernel: system 00:04: [io  0xec00-0xec7f] has been reserved
Nov 16 2020 16:46:45 dbhost1 kernel: system 00:04: [io  0xec80-0xecff] has been reserved
Nov 16 2020 16:46:45 dbhost1 kernel: system 00:04: [mem 0x000d0000-0x000d3fff window] has been reserved
Nov 16 2020 16:46:45 dbhost1 kernel: system 00:04: [mem 0x000d4000-0x000d7fff window] has been reserved
Nov 16 2020 16:46:45 dbhost1 kernel: system 00:04: [mem 0x000de000-0x000dffff window] has been reserved
Nov 16 2020 16:46:45 dbhost1 kernel: system 00:04: [mem 0xdefc0000-0xdeffffff] has been reserved
Nov 16 2020 16:46:45 dbhost1 kernel: system 00:04: [mem 0xfee01000-0xfeefffff] has been reserved
Nov 16 2020 16:46:45 dbhost1 kernel: system 00:05: [io  0xf000-0xf07f] has been reserved
Nov 16 2020 16:46:45 dbhost1 kernel: system 00:05: [io  0xf080-0xf0ff] has been reserved
Nov 16 2020 16:46:45 dbhost1 kernel: system 00:05: [io  0xf400-0xf47f] has been reserved
Nov 16 2020 16:46:45 dbhost1 kernel: system 00:05: [io  0xf480-0xf4ff] has been reserved
Nov 16 2020 16:46:45 dbhost1 kernel: system 00:05: [io  0xf800-0xf87f] has been reserved
Nov 16 2020 16:46:45 dbhost1 kernel: system 00:05: [io  0xf880-0xf8ff] has been reserved
Nov 16 2020 16:46:45 dbhost1 kernel: system 00:05: [mem 0xfee01000-0xfef00fff] could not be reserved
Nov 16 2020 16:46:45 dbhost1 kernel: system 00:08: [io  0x0ca0-0x0caf] has been reserved
Nov 16 2020 16:46:45 dbhost1 kernel: system 00:08: [io  0x0cf9] could not be reserved
Nov 16 2020 16:46:45 dbhost1 kernel: system 00:08: [mem 0xfec00000-0xfec00fff] could not be reserved
Nov 16 2020 16:46:45 dbhost1 kernel: system 00:08: [mem 0xfee00000-0xfee00fff] has been reserved
Nov 16 2020 16:46:45 dbhost1 kernel: system 00:09: [mem 0xe0000000-0xefffffff] has been reserved
Nov 16 2020 16:46:45 dbhost1 kernel: system 00:0a: [mem 0x00000000-0x0009ffff] could not be reserved
Nov 16 2020 16:46:45 dbhost1 kernel: system 00:0a: [mem 0x000c0000-0x000cffff] could not be reserved
Nov 16 2020 16:46:45 dbhost1 kernel: system 00:0a: [mem 0x000e0000-0x000fffff] could not be reserved
Nov 16 2020 16:46:45 dbhost1 kernel: system 00:0a: [mem 0x00100000-0xddffffff] could not be reserved
Nov 16 2020 16:46:45 dbhost1 kernel: system 00:0a: [mem 0xfec00000-0xffffffff] could not be reserved
Nov 16 2020 16:46:45 dbhost1 kernel: tlb_flushall_shift: 4
Nov 16 2020 16:46:45 dbhost1 kernel: tsc: Detected 3000.344 MHz processor
Nov 16 2020 16:46:45 dbhost1 kernel: tsc: Fast TSC calibration using PIT
Nov 16 2020 16:46:45 dbhost1 kernel: tsc: Marking TSC unstable due to TSCs unsynchronized
Nov 16 2020 16:46:45 dbhost1 kernel: type=1404 audit(1502322393.849:2): selinux=0 auid=4294967295 ses=4294967295
Nov 16 2020 16:46:45 dbhost1 kernel: type=2000 audit(1502322385.645:1): initialized
Nov 16 2020 16:46:45 dbhost1 kernel: uhci_hcd: USB Universal Host Controller Interface driver
Nov 16 2020 16:46:45 dbhost1 kernel: usb 1-1: Manufacturer: Texas Instruments Incorporated
Nov 16 2020 16:46:45 dbhost1 kernel: usb 1-1: New USB device found, idVendor=0451, idProduct=625f
Nov 16 2020 16:46:45 dbhost1 kernel: usb 1-1: New USB device strings: Mfr=5, Product=2, SerialNumber=1
Nov 16 2020 16:46:45 dbhost1 kernel: usb 1-1: Product: 6250 FW: 03.05.02.22.562AD423
Nov 16 2020 16:46:45 dbhost1 kernel: usb 1-1: SerialNumber: ACD02A451F29
Nov 16 2020 16:46:45 dbhost1 kernel: usb 1-1: new high-speed USB device number 2 using ehci-pci
Nov 16 2020 16:46:45 dbhost1 kernel: usb 1-6.1: New USB device found, idVendor=0461, idProduct=4d22
Nov 16 2020 16:46:45 dbhost1 kernel: usb 1-6.1: New USB device strings: Mfr=0, Product=2, SerialNumber=0
Nov 16 2020 16:46:45 dbhost1 kernel: usb 1-6.1: Product: USB Optical Mouse
Nov 16 2020 16:46:45 dbhost1 kernel: usb 1-6.1: new low-speed USB device number 5 using ehci-pci
Nov 16 2020 16:46:45 dbhost1 kernel: usb 1-6.2: Manufacturer: DELL
Nov 16 2020 16:46:45 dbhost1 kernel: usb 1-6.2: New USB device found, idVendor=413c, idProduct=2107
Nov 16 2020 16:46:45 dbhost1 kernel: usb 1-6.2: New USB device strings: Mfr=1, Product=2, SerialNumber=0
Nov 16 2020 16:46:45 dbhost1 kernel: usb 1-6.2: Product: Dell USB Entry Keyboard
Nov 16 2020 16:46:45 dbhost1 kernel: usb 1-6.2: new low-speed USB device number 6 using ehci-pci
Nov 16 2020 16:46:45 dbhost1 kernel: usb 1-6: New USB device found, idVendor=04b4, idProduct=6560
Nov 16 2020 16:46:45 dbhost1 kernel: usb 1-6: New USB device strings: Mfr=0, Product=0, SerialNumber=0
Nov 16 2020 16:46:45 dbhost1 kernel: usb 1-6: new high-speed USB device number 4 using ehci-pci
Nov 16 2020 16:46:45 dbhost1 kernel: usb 2-5: Manufacturer: American Megatrends Inc.
Nov 16 2020 16:46:45 dbhost1 kernel: usb 2-5: New USB device found, idVendor=046b, idProduct=ff10
Nov 16 2020 16:46:45 dbhost1 kernel: usb 2-5: New USB device strings: Mfr=1, Product=2, SerialNumber=3
Nov 16 2020 16:46:45 dbhost1 kernel: usb 2-5: Product: Virtual Keyboard and Mouse
Nov 16 2020 16:46:45 dbhost1 kernel: usb 2-5: SerialNumber: serial
Nov 16 2020 16:46:45 dbhost1 kernel: usb 2-5: new low-speed USB device number 2 using ohci_hcd
Nov 16 2020 16:46:45 dbhost1 kernel: usb usb1: Manufacturer: Linux 3.8.13-98.2.1.el6uek.x86_64 ehci_hcd
Nov 16 2020 16:46:45 dbhost1 kernel: usb usb1: New USB device found, idVendor=1d6b, idProduct=0002
Nov 16 2020 16:46:45 dbhost1 kernel: usb usb1: New USB device strings: Mfr=3, Product=2, SerialNumber=1
Nov 16 2020 16:46:45 dbhost1 kernel: usb usb1: Product: EHCI Host Controller
Nov 16 2020 16:46:45 dbhost1 kernel: usb usb1: SerialNumber: 0000:00:02.1
Nov 16 2020 16:46:45 dbhost1 kernel: usb usb2: Manufacturer: Linux 3.8.13-98.2.1.el6uek.x86_64 ohci_hcd
Nov 16 2020 16:46:45 dbhost1 kernel: usb usb2: New USB device found, idVendor=1d6b, idProduct=0001
Nov 16 2020 16:46:45 dbhost1 kernel: usb usb2: New USB device strings: Mfr=3, Product=2, SerialNumber=1
Nov 16 2020 16:46:45 dbhost1 kernel: usb usb2: Product: OHCI Host Controller
Nov 16 2020 16:46:45 dbhost1 kernel: usb usb2: SerialNumber: 0000:00:02.0
Nov 16 2020 16:46:45 dbhost1 kernel: usbcore: registered new device driver usb
Nov 16 2020 16:46:45 dbhost1 kernel: usbcore: registered new interface driver hub
Nov 16 2020 16:46:45 dbhost1 kernel: usbcore: registered new interface driver usb-storage
Nov 16 2020 16:46:45 dbhost1 kernel: usbcore: registered new interface driver usbfs
Nov 16 2020 16:46:45 dbhost1 kernel: usbcore: registered new interface driver usbhid
Nov 16 2020 16:46:45 dbhost1 kernel: usbhid: USB HID core driver
Nov 16 2020 16:46:45 dbhost1 kernel: vgaarb: bridge control possible 0000:01:05.0
Nov 16 2020 16:46:45 dbhost1 kernel: vgaarb: device added: PCI:0000:01:05.0,decodes=io+mem,owns=io+mem,locks=none
Nov 16 2020 16:46:45 dbhost1 kernel: vgaarb: loaded
Nov 16 2020 16:46:45 dbhost1 kernel: x86 PAT enabled: cpu 0, old 0x7040600070406, new 0x7010600070106
Nov 16 2020 16:46:45 dbhost1 kernel: zram: Creating 1 devices ...
Nov 16 2020 16:46:45 dbhost1 kernel: zram: num_devices not specified. Using default: 1
Nov 16 2020 16:46:45 dbhost1 rsyslogd: [origin software="rsyslogd" swVersion="5.8.10" x-pid="9263" x-info="http://www.rsyslog.com"] start
Nov 16 2020 16:46:46 dbhost1 NetworkManager[9338]: <info> NetworkManager (version 0.8.1-66.el6) is starting...
Nov 16 2020 16:46:46 dbhost1 NetworkManager[9338]: <info> Read config file /etc/NetworkManager/NetworkManager.conf
Nov 16 2020 16:46:46 dbhost1 NetworkManager[9338]: <info> trying to start the modem manager...
Nov 16 2020 16:46:46 dbhost1 modem-manager: Loaded plugin AnyData
Nov 16 2020 16:46:46 dbhost1 modem-manager: Loaded plugin Ericsson MBM
Nov 16 2020 16:46:46 dbhost1 modem-manager: Loaded plugin Generic
Nov 16 2020 16:46:46 dbhost1 modem-manager: Loaded plugin Gobi
Nov 16 2020 16:46:46 dbhost1 modem-manager: Loaded plugin Huawei
Nov 16 2020 16:46:46 dbhost1 modem-manager: Loaded plugin Longcheer
Nov 16 2020 16:46:46 dbhost1 modem-manager: Loaded plugin MotoC
Nov 16 2020 16:46:46 dbhost1 modem-manager: Loaded plugin Nokia
Nov 16 2020 16:46:46 dbhost1 modem-manager: Loaded plugin Novatel
Nov 16 2020 16:46:46 dbhost1 modem-manager: Loaded plugin Option
Nov 16 2020 16:46:46 dbhost1 modem-manager: Loaded plugin Option High-Speed
Nov 16 2020 16:46:46 dbhost1 modem-manager: Loaded plugin Sierra
Nov 16 2020 16:46:46 dbhost1 modem-manager: Loaded plugin SimTech
Nov 16 2020 16:46:46 dbhost1 modem-manager: Loaded plugin ZTE
Nov 16 2020 16:46:46 dbhost1 modem-manager: ModemManager (version 0.4.0-5.git20100628.el6) starting...
Nov 16 2020 16:46:46 dbhost1 rpc.statd[9357]: Version 1.2.3 starting
Nov 16 2020 16:46:47 dbhost1 NetworkManager[9338]:    ifcfg-rh:     read connection 'System eth0'
Nov 16 2020 16:46:47 dbhost1 NetworkManager[9338]:    ifcfg-rh:     read connection 'System eth1'
Nov 16 2020 16:46:47 dbhost1 NetworkManager[9338]:    ifcfg-rh:     read connection 'System eth2'
Nov 16 2020 16:46:47 dbhost1 NetworkManager[9338]:    ifcfg-rh:     read connection 'System eth3'
Nov 16 2020 16:46:47 dbhost1 NetworkManager[9338]:    ifcfg-rh: Acquired D-Bus service com.redhat.ifcfgrh1
Nov 16 2020 16:46:47 dbhost1 NetworkManager[9338]:    ifcfg-rh: parsing /etc/sysconfig/network-scripts/ifcfg-eth0 ... 
Nov 16 2020 16:46:47 dbhost1 NetworkManager[9338]:    ifcfg-rh: parsing /etc/sysconfig/network-scripts/ifcfg-eth1 ... 
Nov 16 2020 16:46:47 dbhost1 NetworkManager[9338]:    ifcfg-rh: parsing /etc/sysconfig/network-scripts/ifcfg-eth2 ... 
Nov 16 2020 16:46:47 dbhost1 NetworkManager[9338]:    ifcfg-rh: parsing /etc/sysconfig/network-scripts/ifcfg-eth3 ... 
Nov 16 2020 16:46:47 dbhost1 NetworkManager[9338]:    ifcfg-rh: parsing /etc/sysconfig/network-scripts/ifcfg-lo ... 
Nov 16 2020 16:46:47 dbhost1 NetworkManager[9338]: (nm-device.c:3304):nm_device_activate: runtime check failed: (priv->state == NM_DEVICE_STATE_DISCONNECTED)
Nov 16 2020 16:46:47 dbhost1 NetworkManager[9338]: <info> (eth0): carrier is ON
Nov 16 2020 16:46:47 dbhost1 NetworkManager[9338]: <info> (eth0): device state change: 1 -> 2 (reason 41)
Nov 16 2020 16:46:47 dbhost1 NetworkManager[9338]: <info> (eth0): device state change: 2 -> 7 (reason 0)
Nov 16 2020 16:46:47 dbhost1 NetworkManager[9338]: <info> (eth0): device state change: 7 -> 8 (reason 0)
